EN hex2asc NULL C:/Users/Steyr/Documents/FPNN/C17UART+Trojan/Vin/HEX2ASC.vhd sub00/vhpl04 1461638722
AR circuit17 behavioral C:/Users/Steyr/Documents/FPNN/C17UART+Trojan/Vin/Circuit17.vhd sub00/vhpl03 1461638721
EN display_unit NULL "C:/Users/Steyr/Documents/FPNN/C17UART+Trojan/Vin/des_decrypt_wit_out - Copy.vhd" sub00/vhpl08 1461638726
EN dec2led NULL "C:/Users/Steyr/Documents/FPNN/C17UART+Trojan/Vin/hex2LED - Copy.vhd" sub00/vhpl06 1461638724
EN circuit17 NULL C:/Users/Steyr/Documents/FPNN/C17UART+Trojan/Vin/Circuit17.vhd sub00/vhpl02 1461638720
EN rs232refcomp NULL C:/Users/Steyr/Documents/FPNN/C17UART+Trojan/Vin/RS232RefComp.vhd sub00/vhpl00 1461638718
AR dec2led behavioral "C:/Users/Steyr/Documents/FPNN/C17UART+Trojan/Vin/hex2LED - Copy.vhd" sub00/vhpl07 1461638725
AR rs232refcomp behavioral C:/Users/Steyr/Documents/FPNN/C17UART+Trojan/Vin/RS232RefComp.vhd sub00/vhpl01 1461638719
AR display_unit behavior "C:/Users/Steyr/Documents/FPNN/C17UART+Trojan/Vin/des_decrypt_wit_out - Copy.vhd" sub00/vhpl09 1461638727
AR hex2asc behavioral C:/Users/Steyr/Documents/FPNN/C17UART+Trojan/Vin/HEX2ASC.vhd sub00/vhpl05 1461638723
