V3 21
FL C:/Users/Steyr/Documents/FPNN/C17UART+Trojan/Vin/Circuit17.vhd 2010/07/29.00:00:00 P.20131013
EN work/Circuit17 1461638720 \
      FL C:/Users/Steyr/Documents/FPNN/C17UART+Trojan/Vin/Circuit17.vhd \
      PB ieee/std_logic_1164 1381692176 LB UNISIM PH unisim/VCOMPONENTS 1381692182
AR work/Circuit17/Behavioral 1461638721 \
      FL C:/Users/Steyr/Documents/FPNN/C17UART+Trojan/Vin/Circuit17.vhd \
      EN work/Circuit17 1461638720 CP LUT2
FL "C:/Users/Steyr/Documents/FPNN/C17UART+Trojan/Vin/des_decrypt_wit_out - Copy.vhd" 2010/07/31.04:13:49 P.20131013
EN work/DISPLAY_UNIT 1461638726 \
      FL "C:/Users/Steyr/Documents/FPNN/C17UART+Trojan/Vin/des_decrypt_wit_out - Copy.vhd" \
      PB ieee/std_logic_1164 1381692176 PB ieee/NUMERIC_STD 1381692181 \
      PB ieee/std_logic_arith 1381692177 PB ieee/STD_LOGIC_UNSIGNED 1381692179
AR work/DISPLAY_UNIT/behavior 1461638727 \
      FL "C:/Users/Steyr/Documents/FPNN/C17UART+Trojan/Vin/des_decrypt_wit_out - Copy.vhd" \
      EN work/DISPLAY_UNIT 1461638726 CP RS232RefComp CP Circuit17 CP HEX2ASC \
      CP Dec2LED
FL C:/Users/Steyr/Documents/FPNN/C17UART+Trojan/Vin/HEX2ASC.vhd 2010/07/17.18:17:53 P.20131013
EN work/HEX2ASC 1461638722 \
      FL C:/Users/Steyr/Documents/FPNN/C17UART+Trojan/Vin/HEX2ASC.vhd \
      PB ieee/std_logic_1164 1381692176 PB ieee/std_logic_arith 1381692177 \
      PB ieee/STD_LOGIC_UNSIGNED 1381692179
AR work/HEX2ASC/Behavioral 1461638723 \
      FL C:/Users/Steyr/Documents/FPNN/C17UART+Trojan/Vin/HEX2ASC.vhd \
      EN work/HEX2ASC 1461638722
FL "C:/Users/Steyr/Documents/FPNN/C17UART+Trojan/Vin/hex2LED - Copy.vhd" 2010/02/17.09:28:38 P.20131013
EN work/Dec2LED 1461638724 \
      FL "C:/Users/Steyr/Documents/FPNN/C17UART+Trojan/Vin/hex2LED - Copy.vhd" \
      PB ieee/std_logic_1164 1381692176 PB ieee/std_logic_arith 1381692177 \
      PB ieee/STD_LOGIC_UNSIGNED 1381692179
AR work/Dec2LED/Behavioral 1461638725 \
      FL "C:/Users/Steyr/Documents/FPNN/C17UART+Trojan/Vin/hex2LED - Copy.vhd" \
      EN work/Dec2LED 1461638724
FL C:/Users/Steyr/Documents/FPNN/C17UART+Trojan/Vin/RS232RefComp.vhd 2016/04/17.19:52:27 P.20131013
EN work/Rs232RefComp 1461638718 \
      FL C:/Users/Steyr/Documents/FPNN/C17UART+Trojan/Vin/RS232RefComp.vhd \
      PB ieee/std_logic_1164 1381692176 PB ieee/std_logic_arith 1381692177 \
      PB ieee/STD_LOGIC_UNSIGNED 1381692179
AR work/Rs232RefComp/Behavioral 1461638719 \
      FL C:/Users/Steyr/Documents/FPNN/C17UART+Trojan/Vin/RS232RefComp.vhd \
      EN work/Rs232RefComp 1461638718
