--------------------------------------------------------------------------------
Release 14.7 Trace  (nt64)
Copyright (c) 1995-2013 Xilinx, Inc.  All rights reserved.

C:\Documents\Xilinx\14.7\ISE_DS\ISE\bin\nt64\unwrapped\trce.exe -intstyle ise
-v 3 -s 3 -n 3 -fastpaths -xml DISPLAY_UNIT.twx DISPLAY_UNIT.ncd -o
DISPLAY_UNIT.twr DISPLAY_UNIT.pcf -ucf DISPLAY_UNIT.ucf -ucf
Nexys4DDR_Master.ucf

Design file:              DISPLAY_UNIT.ncd
Physical constraint file: DISPLAY_UNIT.pcf
Device,package,speed:     xc7a100t,csg324,C,-3 (PRODUCTION 1.10 2013-10-13)
Report level:             verbose report

Environment Variable      Effect 
--------------------      ------ 
NONE                      No environment variables were set
--------------------------------------------------------------------------------

INFO:Timing:2698 - No timing constraints found, doing default enumeration.
INFO:Timing:3412 - To improve timing, see the Timing Closure User Guide (UG612).
INFO:Timing:2752 - To get complete path coverage, use the unconstrained paths 
   option. All paths that are not constrained will be reported in the 
   unconstrained paths section(s) of the report.
INFO:Timing:3339 - The clock-to-out numbers in this timing report are based on 
   a 50 Ohm transmission line loading model.  For the details of this model, 
   and for more information on accounting for different loading conditions, 
   please see the device datasheet.



Data Sheet report:
-----------------
All values displayed in nanoseconds (ns)

Setup/Hold to clock clk
------------+------------+------------+------------+------------+------------------+--------+
            |Max Setup to|  Process   |Max Hold to |  Process   |                  | Clock  |
Source      | clk (edge) |   Corner   | clk (edge) |   Corner   |Internal Clock(s) | Phase  |
------------+------------+------------+------------+------------+------------------+--------+
RST         |    0.554(R)|      FAST  |    1.835(R)|      SLOW  |clk_BUFGP         |   0.000|
------------+------------+------------+------------+------------+------------------+--------+

Clock clk to Pad
------------+-----------------+------------+-----------------+------------+------------------+--------+
            |Max (slowest) clk|  Process   |Min (fastest) clk|  Process   |                  | Clock  |
Destination |  (edge) to PAD  |   Corner   |  (edge) to PAD  |   Corner   |Internal Clock(s) | Phase  |
------------+-----------------+------------+-----------------+------------+------------------+--------+
LEDS<0>     |        15.501(R)|      SLOW  |         6.203(R)|      FAST  |clk_BUFGP         |   0.000|
LEDS<1>     |        10.182(R)|      SLOW  |         3.906(R)|      FAST  |clk_BUFGP         |   0.000|
LEDS<3>     |         9.801(R)|      SLOW  |         3.711(R)|      FAST  |clk_BUFGP         |   0.000|
LEDS<4>     |        10.053(R)|      SLOW  |         3.899(R)|      FAST  |clk_BUFGP         |   0.000|
LEDS<5>     |         9.420(R)|      SLOW  |         3.542(R)|      FAST  |clk_BUFGP         |   0.000|
LEDS<6>     |         9.519(R)|      SLOW  |         3.580(R)|      FAST  |clk_BUFGP         |   0.000|
LEDS<7>     |         9.475(R)|      SLOW  |         3.577(R)|      FAST  |clk_BUFGP         |   0.000|
dis<0>      |        10.462(R)|      SLOW  |         3.839(R)|      FAST  |clk_BUFGP         |   0.000|
dis<1>      |        10.639(R)|      SLOW  |         3.930(R)|      FAST  |clk_BUFGP         |   0.000|
dis<2>      |        10.666(R)|      SLOW  |         4.084(R)|      FAST  |clk_BUFGP         |   0.000|
dis<3>      |        10.873(R)|      SLOW  |         4.146(R)|      FAST  |clk_BUFGP         |   0.000|
dis<4>      |        10.245(R)|      SLOW  |         3.770(R)|      FAST  |clk_BUFGP         |   0.000|
dis<5>      |        10.320(R)|      SLOW  |         3.827(R)|      FAST  |clk_BUFGP         |   0.000|
dis<6>      |        11.291(R)|      SLOW  |         4.362(R)|      FAST  |clk_BUFGP         |   0.000|
dis<7>      |        11.152(R)|      SLOW  |         4.372(R)|      FAST  |clk_BUFGP         |   0.000|
seg_out<0>  |        12.815(R)|      SLOW  |         4.372(R)|      FAST  |clk_BUFGP         |   0.000|
seg_out<1>  |        12.390(R)|      SLOW  |         4.134(R)|      FAST  |clk_BUFGP         |   0.000|
seg_out<2>  |        12.436(R)|      SLOW  |         4.138(R)|      FAST  |clk_BUFGP         |   0.000|
seg_out<3>  |        13.207(R)|      SLOW  |         4.412(R)|      FAST  |clk_BUFGP         |   0.000|
seg_out<4>  |        13.108(R)|      SLOW  |         4.496(R)|      FAST  |clk_BUFGP         |   0.000|
seg_out<5>  |        12.668(R)|      SLOW  |         4.230(R)|      FAST  |clk_BUFGP         |   0.000|
seg_out<6>  |        13.173(R)|      SLOW  |         4.441(R)|      FAST  |clk_BUFGP         |   0.000|
------------+-----------------+------------+-----------------+------------+------------------+--------+

Clock to Setup on destination clock clk
---------------+---------+---------+---------+---------+
               | Src:Rise| Src:Fall| Src:Rise| Src:Fall|
Source Clock   |Dest:Rise|Dest:Rise|Dest:Fall|Dest:Fall|
---------------+---------+---------+---------+---------+
clk            |    2.917|         |         |         |
---------------+---------+---------+---------+---------+


Analysis completed Sat May 07 14:26:57 2016 
--------------------------------------------------------------------------------

Trace Settings:
-------------------------
Trace Settings 

Peak Memory Usage: 674 MB



