Release 14.7 - xst P.20131013 (nt64)
Copyright (c) 1995-2013 Xilinx, Inc.  All rights reserved.
--> Parameter TMPDIR set to xst/projnav.tmp


Total REAL time to Xst completion: 0.00 secs
Total CPU time to Xst completion: 0.08 secs
 
--> Parameter xsthdpdir set to xst


Total REAL time to Xst completion: 0.00 secs
Total CPU time to Xst completion: 0.08 secs
 
--> Reading design: DISPLAY_UNIT.prj

TABLE OF CONTENTS
  1) Synthesis Options Summary
  2) HDL Parsing
  3) HDL Elaboration
  4) HDL Synthesis
       4.1) HDL Synthesis Report
  5) Advanced HDL Synthesis
       5.1) Advanced HDL Synthesis Report
  6) Low Level Synthesis
  7) Partition Report
  8) Design Summary
       8.1) Primitive and Black Box Usage
       8.2) Device utilization summary
       8.3) Partition Resource Summary
       8.4) Timing Report
            8.4.1) Clock Information
            8.4.2) Asynchronous Control Signals Information
            8.4.3) Timing Summary
            8.4.4) Timing Details
            8.4.5) Cross Clock Domains Report


=========================================================================
*                      Synthesis Options Summary                        *
=========================================================================
---- Source Parameters
Input File Name                    : "DISPLAY_UNIT.prj"
Ignore Synthesis Constraint File   : NO

---- Target Parameters
Output File Name                   : "DISPLAY_UNIT"
Output Format                      : NGC
Target Device                      : xc7a100t-3-csg324

---- Source Options
Top Module Name                    : DISPLAY_UNIT
Automatic FSM Extraction           : YES
FSM Encoding Algorithm             : Auto
Safe Implementation                : No
FSM Style                          : LUT
RAM Extraction                     : Yes
RAM Style                          : Auto
ROM Extraction                     : Yes
Shift Register Extraction          : YES
ROM Style                          : Auto
Resource Sharing                   : YES
Asynchronous To Synchronous        : NO
Shift Register Minimum Size        : 2
Use DSP Block                      : Auto
Automatic Register Balancing       : No

---- Target Options
LUT Combining                      : Auto
Reduce Control Sets                : Auto
Add IO Buffers                     : YES
Global Maximum Fanout              : 100000
Add Generic Clock Buffer(BUFG)     : 32
Register Duplication               : YES
Optimize Instantiated Primitives   : NO
Use Clock Enable                   : Auto
Use Synchronous Set                : Auto
Use Synchronous Reset              : Auto
Pack IO Registers into IOBs        : Auto
Equivalent register Removal        : YES

---- General Options
Optimization Goal                  : Speed
Optimization Effort                : 1
Power Reduction                    : NO
Keep Hierarchy                     : No
Netlist Hierarchy                  : As_Optimized
RTL Output                         : Yes
Global Optimization                : AllClockNets
Read Cores                         : YES
Write Timing Constraints           : NO
Cross Clock Analysis               : NO
Hierarchy Separator                : /
Bus Delimiter                      : <>
Case Specifier                     : Maintain
Slice Utilization Ratio            : 100
BRAM Utilization Ratio             : 100
DSP48 Utilization Ratio            : 100
Auto BRAM Packing                  : NO
Slice Utilization Ratio Delta      : 5

=========================================================================


=========================================================================
*                          HDL Parsing                                  *
=========================================================================
Parsing VHDL file "C:\Users\Steyr\Documents\C17UART+Trojan\Vin\RS232RefComp.vhd" into library work
Parsing entity <Rs232RefComp>.
Parsing architecture <Behavioral> of entity <rs232refcomp>.
Parsing VHDL file "C:\Users\Steyr\Documents\C17UART+Trojan\Vin\hex2LED - Copy.vhd" into library work
Parsing entity <Dec2LED>.
Parsing architecture <Behavioral> of entity <dec2led>.
Parsing VHDL file "C:\Users\Steyr\Documents\C17UART+Trojan\Vin\HEX2ASC.vhd" into library work
Parsing entity <HEX2ASC>.
Parsing architecture <Behavioral> of entity <hex2asc>.
Parsing VHDL file "C:\Users\Steyr\Documents\C17UART+Trojan\Vin\Circuit17.vhd" into library work
Parsing entity <Circuit17>.
Parsing architecture <Behavioral> of entity <circuit17>.
Parsing VHDL file "C:\Users\Steyr\Documents\C17UART+Trojan\Vin\des_decrypt_wit_out - Copy.vhd" into library work
Parsing entity <DISPLAY_UNIT>.
Parsing architecture <behavior> of entity <display_unit>.

=========================================================================
*                            HDL Elaboration                            *
=========================================================================

Elaborating entity <DISPLAY_UNIT> (architecture <behavior>) with generics from library <work>.
WARNING:HDLCompiler:871 - "C:\Users\Steyr\Documents\C17UART+Trojan\Vin\des_decrypt_wit_out - Copy.vhd" Line 114: Using initial value '1' for rosel since it is never assigned

Elaborating entity <Rs232RefComp> (architecture <Behavioral>) from library <work>.
WARNING:HDLCompiler:634 - "C:\Users\Steyr\Documents\C17UART+Trojan\Vin\RS232RefComp.vhd" Line 73: Net <rdReg[59]> does not have a driver.

Elaborating entity <Circuit17> (architecture <Behavioral>) from library <work>.
WARNING:HDLCompiler:92 - "C:\Users\Steyr\Documents\C17UART+Trojan\Vin\Circuit17.vhd" Line 61: g6 should be on the sensitivity list of the process
WARNING:HDLCompiler:92 - "C:\Users\Steyr\Documents\C17UART+Trojan\Vin\Circuit17.vhd" Line 62: g23t should be on the sensitivity list of the process
WARNING:HDLCompiler:92 - "C:\Users\Steyr\Documents\C17UART+Trojan\Vin\Circuit17.vhd" Line 63: g6 should be on the sensitivity list of the process
INFO:HDLCompiler:679 - "C:\Users\Steyr\Documents\C17UART+Trojan\Vin\Circuit17.vhd" Line 63. Case statement is complete. others clause is never selected
WARNING:HDLCompiler:1127 - "C:\Users\Steyr\Documents\C17UART+Trojan\Vin\des_decrypt_wit_out - Copy.vhd" Line 228: Assignment to count1 ignored, since the identifier is never used

Elaborating entity <HEX2ASC> (architecture <Behavioral>) from library <work>.
WARNING:HDLCompiler:92 - "C:\Users\Steyr\Documents\C17UART+Trojan\Vin\HEX2ASC.vhd" Line 18: val should be on the sensitivity list of the process
INFO:HDLCompiler:679 - "C:\Users\Steyr\Documents\C17UART+Trojan\Vin\HEX2ASC.vhd" Line 35. Case statement is complete. others clause is never selected
WARNING:HDLCompiler:1127 - "C:\Users\Steyr\Documents\C17UART+Trojan\Vin\des_decrypt_wit_out - Copy.vhd" Line 253: Assignment to rst_temp ignored, since the identifier is never used
WARNING:HDLCompiler:92 - "C:\Users\Steyr\Documents\C17UART+Trojan\Vin\des_decrypt_wit_out - Copy.vhd" Line 430: gex should be on the sensitivity list of the process

Elaborating entity <Dec2LED> (architecture <Behavioral>) from library <work>.
WARNING:HDLCompiler:92 - "C:\Users\Steyr\Documents\C17UART+Trojan\Vin\hex2LED - Copy.vhd" Line 15: x should be on the sensitivity list of the process

=========================================================================
*                           HDL Synthesis                               *
=========================================================================

Synthesizing Unit <DISPLAY_UNIT>.
    Related source file is "C:\Users\Steyr\Documents\C17UART+Trojan\Vin\des_decrypt_wit_out - Copy.vhd".
        N = 6
        M = 3
INFO:Xst:3210 - "C:\Users\Steyr\Documents\C17UART+Trojan\Vin\des_decrypt_wit_out - Copy.vhd" line 197: Output port <DBOUT3> of the instance <UART> is unconnected or connected to loadless signal.
INFO:Xst:3210 - "C:\Users\Steyr\Documents\C17UART+Trojan\Vin\des_decrypt_wit_out - Copy.vhd" line 197: Output port <PE> of the instance <UART> is unconnected or connected to loadless signal.
INFO:Xst:3210 - "C:\Users\Steyr\Documents\C17UART+Trojan\Vin\des_decrypt_wit_out - Copy.vhd" line 197: Output port <FE> of the instance <UART> is unconnected or connected to loadless signal.
INFO:Xst:3210 - "C:\Users\Steyr\Documents\C17UART+Trojan\Vin\des_decrypt_wit_out - Copy.vhd" line 197: Output port <OE> of the instance <UART> is unconnected or connected to loadless signal.
    Found 1-bit register for signal <rdSig>.
    Found 1-bit register for signal <wrSig>.
    Found 4-bit register for signal <count>.
    Found 32-bit register for signal <countR>.
    Found 32-bit register for signal <count_RO_t>.
    Found 4-bit register for signal <state>.
    Found 20-bit register for signal <dbInSig>.
    Found 3-bit register for signal <Rflag>.
    Found 6-bit register for signal <tv>.
    Found 32-bit register for signal <count_RO>.
    Found 1-bit register for signal <CLKM>.
    Found 32-bit register for signal <Z>.
    Found 8-bit register for signal <TMPDGT<0>>.
    Found 8-bit register for signal <TMPDGT<1>>.
    Found 8-bit register for signal <TMPDGT<2>>.
    Found 8-bit register for signal <TMPDGT<3>>.
    Found 32-bit register for signal <NAMEA>.
    Found 32-bit register for signal <NAMEB>.
    Found 32-bit register for signal <NAMEC>.
    Found 32-bit register for signal <NAMED>.
    Found 32-bit register for signal <G>.
    Found 4-bit register for signal <TEMP>.
    Found 8-bit register for signal <DIGIT>.
    Found 32-bit register for signal <big_counter>.
    Found finite state machine <FSM_0> for signal <state>.
    -----------------------------------------------------------------------
    | States             | 10                                             |
    | Transitions        | 19                                             |
    | Inputs             | 8                                              |
    | Outputs            | 6                                              |
    | Clock              | clk (rising_edge)                              |
    | Reset              | RST (positive)                                 |
    | Reset type         | asynchronous                                   |
    | Reset State        | idle                                           |
    | Power Up State     | idle                                           |
    | Encoding           | auto                                           |
    | Implementation     | LUT                                            |
    -----------------------------------------------------------------------
    Found finite state machine <FSM_1> for signal <TEMP>.
    -----------------------------------------------------------------------
    | States             | 4                                              |
    | Transitions        | 4                                              |
    | Inputs             | 0                                              |
    | Outputs            | 7                                              |
    | Clock              | CLKM (rising_edge)                             |
    | Power Up State     | 0111                                           |
    | Encoding           | auto                                           |
    | Implementation     | LUT                                            |
    -----------------------------------------------------------------------
    Found 32-bit adder for signal <big_counter[31]_GND_6_o_add_0_OUT> created at line 121.
    Found 32-bit adder for signal <countR[31]_GND_6_o_add_8_OUT> created at line 223.
    Found 32-bit adder for signal <count_RO_t[31]_GND_6_o_add_12_OUT> created at line 234.
    Found 3-bit adder for signal <Rflag[2]_GND_6_o_add_37_OUT> created at line 312.
    Found 4-bit adder for signal <count[3]_GND_6_o_add_69_OUT> created at line 376.
    Found 32-bit adder for signal <Z[31]_GND_6_o_add_96_OUT> created at line 406.
    Found 32-bit adder for signal <NAMEA[31]_GND_6_o_add_113_OUT> created at line 455.
    Found 32-bit adder for signal <NAMEB[31]_GND_6_o_add_117_OUT> created at line 461.
    Found 32-bit adder for signal <NAMEC[31]_GND_6_o_add_121_OUT> created at line 467.
    Found 32-bit adder for signal <NAMED[31]_GND_6_o_add_125_OUT> created at line 473.
    Found 32-bit adder for signal <G[31]_GND_6_o_add_127_OUT> created at line 477.
    Found 16x7-bit Read Only RAM for signal <seg_out>
    Found 8x8-bit Read Only RAM for signal <dis>
    Found 8-bit 13-to-1 multiplexer for signal <NAMEA[3]_NAME[15][7]_wide_mux_111_OUT> created at line 451.
    Found 8-bit 13-to-1 multiplexer for signal <NAMEB[3]_NAME[15][7]_wide_mux_115_OUT> created at line 457.
    Found 8-bit 13-to-1 multiplexer for signal <NAMEC[3]_NAME[15][7]_wide_mux_119_OUT> created at line 463.
    Found 8-bit 13-to-1 multiplexer for signal <NAMED[3]_NAME[15][7]_wide_mux_123_OUT> created at line 469.
    Found 1-bit 8-to-1 multiplexer for signal <temps<3>> created at line 127.
    Found 1-bit 8-to-1 multiplexer for signal <temps<2>> created at line 127.
    Found 1-bit 8-to-1 multiplexer for signal <temps<1>> created at line 127.
    Found 1-bit 8-to-1 multiplexer for signal <temps<0>> created at line 127.
    Found 32-bit comparator greater for signal <countR[31]_GND_6_o_LessThan_8_o> created at line 222
    Found 20-bit comparator greater for signal <n0036> created at line 287
    Found 20-bit comparator greater for signal <n0039> created at line 291
    Found 4-bit comparator greater for signal <PWR_6_o_count[3]_LessThan_71_o> created at line 379
    Summary:
	inferred   2 RAM(s).
	inferred  11 Adder/Subtractor(s).
	inferred 396 D-type flip-flop(s).
	inferred   4 Comparator(s).
	inferred  41 Multiplexer(s).
	inferred   2 Finite State Machine(s).
Unit <DISPLAY_UNIT> synthesized.

Synthesizing Unit <Rs232RefComp>.
    Related source file is "C:\Users\Steyr\Documents\C17UART+Trojan\Vin\RS232RefComp.vhd".
WARNING:Xst:2935 - Signal 'rdReg<59:8>', unconnected in block 'Rs232RefComp', is tied to its initial value (0000000000000000000000000000000000000000000000000000).
    Found 1-bit register for signal <rClk>.
    Found 4-bit register for signal <rClkDiv>.
    Found 4-bit register for signal <ctr>.
    Found 4-bit register for signal <tfCtr>.
    Found 1-bit register for signal <FE>.
    Found 1-bit register for signal <OE>.
    Found 1-bit register for signal <RDA>.
    Found 1-bit register for signal <PE>.
    Found 1-bit register for signal <rdReg<7>>.
    Found 1-bit register for signal <rdReg<6>>.
    Found 1-bit register for signal <rdReg<5>>.
    Found 1-bit register for signal <rdReg<4>>.
    Found 1-bit register for signal <rdReg<3>>.
    Found 1-bit register for signal <rdReg<2>>.
    Found 1-bit register for signal <rdReg<1>>.
    Found 1-bit register for signal <rdReg<0>>.
    Found 10-bit register for signal <rdSReg>.
    Found 4-bit register for signal <dataCtr>.
    Found 2-bit register for signal <strCur>.
    Found 2-bit register for signal <stbeCur>.
    Found 11-bit register for signal <tfSReg>.
    Found 2-bit register for signal <sttCur>.
    Found 9-bit register for signal <clkDiv>.
    Found finite state machine <FSM_2> for signal <strCur>.
    -----------------------------------------------------------------------
    | States             | 4                                              |
    | Transitions        | 7                                              |
    | Inputs             | 3                                              |
    | Outputs            | 3                                              |
    | Clock              | rClk (rising_edge)                             |
    | Reset              | RST (positive)                                 |
    | Reset type         | synchronous                                    |
    | Reset State        | stridle                                        |
    | Power Up State     | stridle                                        |
    | Encoding           | auto                                           |
    | Implementation     | LUT                                            |
    -----------------------------------------------------------------------
    Found finite state machine <FSM_3> for signal <stbeCur>.
    -----------------------------------------------------------------------
    | States             | 4                                              |
    | Transitions        | 8                                              |
    | Inputs             | 2                                              |
    | Outputs            | 2                                              |
    | Clock              | CLK (rising_edge)                              |
    | Reset              | RST (positive)                                 |
    | Reset type         | synchronous                                    |
    | Reset State        | stbeidle                                       |
    | Power Up State     | stbeidle                                       |
    | Encoding           | auto                                           |
    | Implementation     | LUT                                            |
    -----------------------------------------------------------------------
    Found finite state machine <FSM_4> for signal <sttCur>.
    -----------------------------------------------------------------------
    | States             | 3                                              |
    | Transitions        | 5                                              |
    | Inputs             | 2                                              |
    | Outputs            | 2                                              |
    | Clock              | tClk (rising_edge)                             |
    | Reset              | RST (positive)                                 |
    | Reset type         | synchronous                                    |
    | Reset State        | sttidle                                        |
    | Power Up State     | sttidle                                        |
    | Encoding           | auto                                           |
    | Implementation     | LUT                                            |
    -----------------------------------------------------------------------
    Found 9-bit adder for signal <clkDiv[8]_GND_7_o_add_5_OUT> created at line 124.
    Found 4-bit adder for signal <rClkDiv[3]_GND_7_o_add_9_OUT> created at line 143.
    Found 4-bit adder for signal <ctr[3]_GND_7_o_add_11_OUT> created at line 155.
    Found 4-bit adder for signal <tfCtr[3]_GND_7_o_add_14_OUT> created at line 166.
    Found 4-bit adder for signal <dataCtr[3]_GND_7_o_add_19_OUT> created at line 207.
    Found 1-bit 4-to-1 multiplexer for signal <ctRst> created at line 228.
WARNING:Xst:737 - Found 1-bit latch for signal <TBE>. Latches may be generated from incomplete case or if statements. We do not recommend the use of latches in FPGA/CPLD designs, as they may lead to timing problems.
    Summary:
	inferred   5 Adder/Subtractor(s).
	inferred  59 D-type flip-flop(s).
	inferred   1 Latch(s).
	inferred   4 Multiplexer(s).
	inferred   3 Finite State Machine(s).
Unit <Rs232RefComp> synthesized.

Synthesizing Unit <Circuit17>.
    Related source file is "C:\Users\Steyr\Documents\C17UART+Trojan\Vin\Circuit17.vhd".
    Set property "INIT = 7" for instance <G10_lut>.
    Set property "LOC = SLICE_X18Y14" for instance <G10_lut>.
    Set property "INIT = 7" for instance <G11_lut>.
    Set property "LOC = SLICE_X19Y14" for instance <G11_lut>.
    Set property "INIT = 7" for instance <G16_lut>.
    Set property "LOC = SLICE_X20Y14" for instance <G16_lut>.
    Set property "INIT = 7" for instance <G19_lut>.
    Set property "LOC = SLICE_X21Y14" for instance <G19_lut>.
    Set property "INIT = 7" for instance <G22_lut>.
    Set property "LOC = SLICE_X22Y14" for instance <G22_lut>.
    Set property "INIT = 7" for instance <G23_lut>.
    Set property "LOC = SLICE_X23Y14" for instance <G23_lut>.
    Set property "KEEP = TRUE" for signal <G10>.
    Set property "KEEP = TRUE" for signal <G11>.
    Set property "KEEP = TRUE" for signal <G16>.
    Set property "KEEP = TRUE" for signal <G19>.
    Set property "KEEP = TRUE" for signal <G6t>.
    Set property "KEEP = TRUE" for signal <G23t>.
WARNING:Xst:647 - Input <ROSEL> is never used. This port will be preserved and left unconnected if it belongs to a top-level block or it belongs to a sub-block and the hierarchy of this sub-block is preserved.
    Summary:
	inferred   1 Multiplexer(s).
Unit <Circuit17> synthesized.

Synthesizing Unit <HEX2ASC>.
    Related source file is "C:\Users\Steyr\Documents\C17UART+Trojan\Vin\HEX2ASC.vhd".
WARNING:Xst:647 - Input <CLK> is never used. This port will be preserved and left unconnected if it belongs to a top-level block or it belongs to a sub-block and the hierarchy of this sub-block is preserved.
    Found 16x8-bit Read Only RAM for signal <Y>
    Summary:
	inferred   1 RAM(s).
Unit <HEX2ASC> synthesized.

Synthesizing Unit <Dec2LED>.
    Related source file is "C:\Users\Steyr\Documents\C17UART+Trojan\Vin\hex2LED - Copy.vhd".
WARNING:Xst:647 - Input <CLK> is never used. This port will be preserved and left unconnected if it belongs to a top-level block or it belongs to a sub-block and the hierarchy of this sub-block is preserved.
    Found 16x8-bit Read Only RAM for signal <Y>
    Summary:
	inferred   1 RAM(s).
Unit <Dec2LED> synthesized.

=========================================================================
HDL Synthesis Report

Macro Statistics
# RAMs                                                 : 18
 16x7-bit single-port Read Only RAM                    : 1
 16x8-bit single-port Read Only RAM                    : 16
 8x8-bit single-port Read Only RAM                     : 1
# Adders/Subtractors                                   : 16
 3-bit adder                                           : 1
 32-bit adder                                          : 9
 4-bit adder                                           : 5
 9-bit adder                                           : 1
# Registers                                            : 42
 1-bit register                                        : 16
 10-bit register                                       : 1
 11-bit register                                       : 1
 20-bit register                                       : 1
 3-bit register                                        : 1
 32-bit register                                       : 10
 4-bit register                                        : 5
 6-bit register                                        : 1
 8-bit register                                        : 5
 9-bit register                                        : 1
# Latches                                              : 1
 1-bit latch                                           : 1
# Comparators                                          : 4
 20-bit comparator greater                             : 2
 32-bit comparator greater                             : 1
 4-bit comparator greater                              : 1
# Multiplexers                                         : 46
 1-bit 2-to-1 multiplexer                              : 3
 1-bit 4-to-1 multiplexer                              : 1
 1-bit 8-to-1 multiplexer                              : 4
 11-bit 2-to-1 multiplexer                             : 1
 20-bit 2-to-1 multiplexer                             : 6
 3-bit 2-to-1 multiplexer                              : 1
 32-bit 2-to-1 multiplexer                             : 1
 4-bit 2-to-1 multiplexer                              : 17
 6-bit 2-to-1 multiplexer                              : 2
 8-bit 13-to-1 multiplexer                             : 4
 8-bit 2-to-1 multiplexer                              : 6
# FSMs                                                 : 5
# Xors                                                 : 2
 1-bit xor8                                            : 1
 1-bit xor9                                            : 1

=========================================================================

=========================================================================
*                       Advanced HDL Synthesis                          *
=========================================================================

WARNING:Xst:1710 - FF/Latch <count_RO_13> (without init value) has a constant value of 0 in block <DISPLAY_UNIT>. This FF/Latch will be trimmed during the optimization process.
WARNING:Xst:1710 - FF/Latch <count_RO_14> (without init value) has a constant value of 0 in block <DISPLAY_UNIT>. This FF/Latch will be trimmed during the optimization process.
WARNING:Xst:1710 - FF/Latch <count_RO_15> (without init value) has a constant value of 0 in block <DISPLAY_UNIT>. This FF/Latch will be trimmed during the optimization process.
WARNING:Xst:1710 - FF/Latch <count_RO_16> (without init value) has a constant value of 0 in block <DISPLAY_UNIT>. This FF/Latch will be trimmed during the optimization process.
WARNING:Xst:1710 - FF/Latch <count_RO_17> (without init value) has a constant value of 0 in block <DISPLAY_UNIT>. This FF/Latch will be trimmed during the optimization process.
WARNING:Xst:1710 - FF/Latch <count_RO_18> (without init value) has a constant value of 0 in block <DISPLAY_UNIT>. This FF/Latch will be trimmed during the optimization process.
WARNING:Xst:1710 - FF/Latch <count_RO_19> (without init value) has a constant value of 0 in block <DISPLAY_UNIT>. This FF/Latch will be trimmed during the optimization process.
WARNING:Xst:1710 - FF/Latch <count_RO_20> (without init value) has a constant value of 0 in block <DISPLAY_UNIT>. This FF/Latch will be trimmed during the optimization process.
WARNING:Xst:1710 - FF/Latch <count_RO_21> (without init value) has a constant value of 0 in block <DISPLAY_UNIT>. This FF/Latch will be trimmed during the optimization process.
WARNING:Xst:1710 - FF/Latch <count_RO_22> (without init value) has a constant value of 0 in block <DISPLAY_UNIT>. This FF/Latch will be trimmed during the optimization process.
WARNING:Xst:1710 - FF/Latch <count_RO_23> (without init value) has a constant value of 0 in block <DISPLAY_UNIT>. This FF/Latch will be trimmed during the optimization process.
WARNING:Xst:1710 - FF/Latch <count_RO_24> (without init value) has a constant value of 0 in block <DISPLAY_UNIT>. This FF/Latch will be trimmed during the optimization process.
WARNING:Xst:1710 - FF/Latch <count_RO_25> (without init value) has a constant value of 0 in block <DISPLAY_UNIT>. This FF/Latch will be trimmed during the optimization process.
WARNING:Xst:1710 - FF/Latch <count_RO_26> (without init value) has a constant value of 0 in block <DISPLAY_UNIT>. This FF/Latch will be trimmed during the optimization process.
WARNING:Xst:1710 - FF/Latch <count_RO_27> (without init value) has a constant value of 0 in block <DISPLAY_UNIT>. This FF/Latch will be trimmed during the optimization process.
WARNING:Xst:1710 - FF/Latch <count_RO_28> (without init value) has a constant value of 0 in block <DISPLAY_UNIT>. This FF/Latch will be trimmed during the optimization process.
WARNING:Xst:1710 - FF/Latch <count_RO_29> (without init value) has a constant value of 0 in block <DISPLAY_UNIT>. This FF/Latch will be trimmed during the optimization process.
WARNING:Xst:1710 - FF/Latch <count_RO_30> (without init value) has a constant value of 0 in block <DISPLAY_UNIT>. This FF/Latch will be trimmed during the optimization process.
WARNING:Xst:1710 - FF/Latch <count_RO_31> (without init value) has a constant value of 0 in block <DISPLAY_UNIT>. This FF/Latch will be trimmed during the optimization process.
WARNING:Xst:1710 - FF/Latch <count_RO_0> (without init value) has a constant value of 0 in block <DISPLAY_UNIT>. This FF/Latch will be trimmed during the optimization process.
WARNING:Xst:1710 - FF/Latch <count_RO_1> (without init value) has a constant value of 0 in block <DISPLAY_UNIT>. This FF/Latch will be trimmed during the optimization process.
WARNING:Xst:1710 - FF/Latch <count_RO_2> (without init value) has a constant value of 0 in block <DISPLAY_UNIT>. This FF/Latch will be trimmed during the optimization process.
WARNING:Xst:1710 - FF/Latch <count_RO_3> (without init value) has a constant value of 0 in block <DISPLAY_UNIT>. This FF/Latch will be trimmed during the optimization process.
WARNING:Xst:1710 - FF/Latch <count_RO_4> (without init value) has a constant value of 0 in block <DISPLAY_UNIT>. This FF/Latch will be trimmed during the optimization process.
WARNING:Xst:1710 - FF/Latch <count_RO_5> (without init value) has a constant value of 0 in block <DISPLAY_UNIT>. This FF/Latch will be trimmed during the optimization process.
WARNING:Xst:1710 - FF/Latch <count_RO_6> (without init value) has a constant value of 0 in block <DISPLAY_UNIT>. This FF/Latch will be trimmed during the optimization process.
WARNING:Xst:1710 - FF/Latch <count_RO_7> (without init value) has a constant value of 0 in block <DISPLAY_UNIT>. This FF/Latch will be trimmed during the optimization process.
WARNING:Xst:1710 - FF/Latch <count_RO_8> (without init value) has a constant value of 0 in block <DISPLAY_UNIT>. This FF/Latch will be trimmed during the optimization process.
WARNING:Xst:1710 - FF/Latch <count_RO_9> (without init value) has a constant value of 0 in block <DISPLAY_UNIT>. This FF/Latch will be trimmed during the optimization process.
WARNING:Xst:1710 - FF/Latch <count_RO_10> (without init value) has a constant value of 0 in block <DISPLAY_UNIT>. This FF/Latch will be trimmed during the optimization process.
WARNING:Xst:1710 - FF/Latch <count_RO_11> (without init value) has a constant value of 0 in block <DISPLAY_UNIT>. This FF/Latch will be trimmed during the optimization process.
WARNING:Xst:1710 - FF/Latch <count_RO_12> (without init value) has a constant value of 0 in block <DISPLAY_UNIT>. This FF/Latch will be trimmed during the optimization process.
WARNING:Xst:1895 - Due to other FF/Latch trimming, FF/Latch <tv_5> (without init value) has a constant value of 0 in block <DISPLAY_UNIT>. This FF/Latch will be trimmed during the optimization process.
WARNING:Xst:1895 - Due to other FF/Latch trimming, FF/Latch <tv_4> (without init value) has a constant value of 0 in block <DISPLAY_UNIT>. This FF/Latch will be trimmed during the optimization process.
WARNING:Xst:1895 - Due to other FF/Latch trimming, FF/Latch <tv_3> (without init value) has a constant value of 0 in block <DISPLAY_UNIT>. This FF/Latch will be trimmed during the optimization process.
WARNING:Xst:1895 - Due to other FF/Latch trimming, FF/Latch <tv_2> (without init value) has a constant value of 0 in block <DISPLAY_UNIT>. This FF/Latch will be trimmed during the optimization process.
WARNING:Xst:1895 - Due to other FF/Latch trimming, FF/Latch <tv_1> (without init value) has a constant value of 0 in block <DISPLAY_UNIT>. This FF/Latch will be trimmed during the optimization process.
WARNING:Xst:1895 - Due to other FF/Latch trimming, FF/Latch <tv_0> (without init value) has a constant value of 0 in block <DISPLAY_UNIT>. This FF/Latch will be trimmed during the optimization process.
WARNING:Xst:2677 - Node <dbInSig_8> of sequential type is unconnected in block <DISPLAY_UNIT>.
WARNING:Xst:2677 - Node <dbInSig_9> of sequential type is unconnected in block <DISPLAY_UNIT>.
WARNING:Xst:2677 - Node <dbInSig_10> of sequential type is unconnected in block <DISPLAY_UNIT>.
WARNING:Xst:2677 - Node <dbInSig_11> of sequential type is unconnected in block <DISPLAY_UNIT>.
WARNING:Xst:2677 - Node <dbInSig_12> of sequential type is unconnected in block <DISPLAY_UNIT>.
WARNING:Xst:2677 - Node <dbInSig_13> of sequential type is unconnected in block <DISPLAY_UNIT>.
WARNING:Xst:2677 - Node <dbInSig_14> of sequential type is unconnected in block <DISPLAY_UNIT>.
WARNING:Xst:2677 - Node <dbInSig_15> of sequential type is unconnected in block <DISPLAY_UNIT>.
WARNING:Xst:2677 - Node <dbInSig_16> of sequential type is unconnected in block <DISPLAY_UNIT>.
WARNING:Xst:2677 - Node <dbInSig_17> of sequential type is unconnected in block <DISPLAY_UNIT>.
WARNING:Xst:2677 - Node <dbInSig_18> of sequential type is unconnected in block <DISPLAY_UNIT>.
WARNING:Xst:2677 - Node <dbInSig_19> of sequential type is unconnected in block <DISPLAY_UNIT>.

Synthesizing (advanced) Unit <DISPLAY_UNIT>.
The following registers are absorbed into counter <Z>: 1 register on signal <Z>.
The following registers are absorbed into counter <big_counter>: 1 register on signal <big_counter>.
The following registers are absorbed into counter <count>: 1 register on signal <count>.
The following registers are absorbed into counter <countR>: 1 register on signal <countR>.
The following registers are absorbed into counter <Rflag>: 1 register on signal <Rflag>.
The following registers are absorbed into counter <G>: 1 register on signal <G>.
The following registers are absorbed into counter <NAMEA>: 1 register on signal <NAMEA>.
The following registers are absorbed into counter <NAMEB>: 1 register on signal <NAMEB>.
The following registers are absorbed into counter <NAMED>: 1 register on signal <NAMED>.
The following registers are absorbed into counter <NAMEC>: 1 register on signal <NAMEC>.
The following registers are absorbed into counter <count_RO_t>: 1 register on signal <count_RO_t>.
INFO:Xst:3218 - HDL ADVISOR - The RAM <Mram_dis> will be implemented on LUTs either because you have described an asynchronous read or because of currently unsupported block RAM features. If you have described an asynchronous read, making it synchronous would allow you to take advantage of available block RAM resources, for optimized device usage and improved timings. Please refer to your documentation for coding guidelines.
    -----------------------------------------------------------------------
    | ram_type           | Distributed                         |          |
    -----------------------------------------------------------------------
    | Port A                                                              |
    |     aspect ratio   | 8-word x 8-bit                      |          |
    |     weA            | connected to signal <GND>           | high     |
    |     addrA          | connected to signal <big_counter>   |          |
    |     diA            | connected to signal <GND>           |          |
    |     doA            | connected to signal <dis>           |          |
    -----------------------------------------------------------------------
INFO:Xst:3218 - HDL ADVISOR - The RAM <Mram_seg_out> will be implemented on LUTs either because you have described an asynchronous read or because of currently unsupported block RAM features. If you have described an asynchronous read, making it synchronous would allow you to take advantage of available block RAM resources, for optimized device usage and improved timings. Please refer to your documentation for coding guidelines.
    -----------------------------------------------------------------------
    | ram_type           | Distributed                         |          |
    -----------------------------------------------------------------------
    | Port A                                                              |
    |     aspect ratio   | 16-word x 7-bit                     |          |
    |     weA            | connected to signal <GND>           | high     |
    |     addrA          | connected to signal <temps>         |          |
    |     diA            | connected to signal <GND>           |          |
    |     doA            | connected to signal <seg_out>       |          |
    -----------------------------------------------------------------------
Unit <DISPLAY_UNIT> synthesized (advanced).

Synthesizing (advanced) Unit <Dec2LED>.
INFO:Xst:3218 - HDL ADVISOR - The RAM <Mram_Y> will be implemented on LUTs either because you have described an asynchronous read or because of currently unsupported block RAM features. If you have described an asynchronous read, making it synchronous would allow you to take advantage of available block RAM resources, for optimized device usage and improved timings. Please refer to your documentation for coding guidelines.
    -----------------------------------------------------------------------
    | ram_type           | Distributed                         |          |
    -----------------------------------------------------------------------
    | Port A                                                              |
    |     aspect ratio   | 16-word x 8-bit                     |          |
    |     weA            | connected to signal <GND>           | high     |
    |     addrA          | connected to signal <X>             |          |
    |     diA            | connected to signal <GND>           |          |
    |     doA            | connected to signal <Y>             |          |
    -----------------------------------------------------------------------
Unit <Dec2LED> synthesized (advanced).

Synthesizing (advanced) Unit <HEX2ASC>.
INFO:Xst:3231 - The small RAM <Mram_Y> will be implemented on LUTs in order to maximize performance and save block RAM resources. If you want to force its implementation on block, use option/constraint ram_style.
    -----------------------------------------------------------------------
    | ram_type           | Distributed                         |          |
    -----------------------------------------------------------------------
    | Port A                                                              |
    |     aspect ratio   | 16-word x 8-bit                     |          |
    |     weA            | connected to signal <GND>           | high     |
    |     addrA          | connected to signal <VAL>           |          |
    |     diA            | connected to signal <GND>           |          |
    |     doA            | connected to signal <Y>             |          |
    -----------------------------------------------------------------------
Unit <HEX2ASC> synthesized (advanced).

Synthesizing (advanced) Unit <Rs232RefComp>.
The following registers are absorbed into counter <clkDiv>: 1 register on signal <clkDiv>.
The following registers are absorbed into counter <rClkDiv>: 1 register on signal <rClkDiv>.
The following registers are absorbed into counter <ctr>: 1 register on signal <ctr>.
The following registers are absorbed into counter <dataCtr>: 1 register on signal <dataCtr>.
The following registers are absorbed into counter <tfCtr>: 1 register on signal <tfCtr>.
Unit <Rs232RefComp> synthesized (advanced).

=========================================================================
Advanced HDL Synthesis Report

Macro Statistics
# RAMs                                                 : 18
 16x7-bit single-port distributed Read Only RAM        : 1
 16x8-bit single-port distributed Read Only RAM        : 16
 8x8-bit single-port distributed Read Only RAM         : 1
# Counters                                             : 16
 3-bit up counter                                      : 1
 32-bit up counter                                     : 9
 4-bit up counter                                      : 5
 9-bit up counter                                      : 1
# Registers                                            : 135
 Flip-Flops                                            : 135
# Comparators                                          : 4
 20-bit comparator greater                             : 2
 32-bit comparator greater                             : 1
 4-bit comparator greater                              : 1
# Multiplexers                                         : 45
 1-bit 2-to-1 multiplexer                              : 6
 1-bit 4-to-1 multiplexer                              : 1
 1-bit 8-to-1 multiplexer                              : 4
 11-bit 2-to-1 multiplexer                             : 1
 20-bit 2-to-1 multiplexer                             : 6
 4-bit 2-to-1 multiplexer                              : 15
 6-bit 2-to-1 multiplexer                              : 2
 8-bit 13-to-1 multiplexer                             : 4
 8-bit 2-to-1 multiplexer                              : 6
# FSMs                                                 : 5
# Xors                                                 : 2
 1-bit xor8                                            : 1
 1-bit xor9                                            : 1

=========================================================================

=========================================================================
*                         Low Level Synthesis                           *
=========================================================================
Analyzing FSM <MFsm> for best encoding.
Optimizing FSM <FSM_1> on signal <TEMP[1:4]> with user encoding.
-------------------
 State | Encoding
-------------------
 0111  | 0111
 1110  | 1110
 1101  | 1101
 1011  | 1011
-------------------
Analyzing FSM <MFsm> for best encoding.
Optimizing FSM <FSM_0> on signal <state[1:4]> with user encoding.
-------------------------
 State       | Encoding
-------------------------
 idle        | 0000
 cnt         | 0001
 receive     | 0010
 decide      | 0011
 send1       | 0100
 send2       | 0101
 stinput     | 0110
 stoutput    | 0111
 test_vector | 1000
 displayi    | 1001
-------------------------
Analyzing FSM <MFsm> for best encoding.
Optimizing FSM <UART/FSM_2> on signal <strCur[1:2]> with user encoding.
---------------------------
 State         | Encoding
---------------------------
 stridle       | 00
 streightdelay | 01
 strgetdata    | 10
 strcheckstop  | 11
---------------------------
Analyzing FSM <MFsm> for best encoding.
Optimizing FSM <UART/FSM_4> on signal <sttCur[1:2]> with user encoding.
-------------------------
 State       | Encoding
-------------------------
 sttidle     | 00
 stttransfer | 01
 sttshift    | 10
-------------------------
Analyzing FSM <MFsm> for best encoding.
Optimizing FSM <UART/FSM_3> on signal <stbeCur[1:2]> with gray encoding.
---------------------------
 State         | Encoding
---------------------------
 stbeidle      | 00
 stbesettbe    | 01
 stbewaitload  | 11
 stbewaitwrite | 10
---------------------------
WARNING:Xst:1293 - FF/Latch <tfSReg_10> has a constant value of 1 in block <Rs232RefComp>. This FF/Latch will be trimmed during the optimization process.
WARNING:Xst:1710 - FF/Latch <TMPDGT_0_7> (without init value) has a constant value of 1 in block <DISPLAY_UNIT>. This FF/Latch will be trimmed during the optimization process.
WARNING:Xst:1710 - FF/Latch <TMPDGT_1_7> (without init value) has a constant value of 1 in block <DISPLAY_UNIT>. This FF/Latch will be trimmed during the optimization process.
WARNING:Xst:1710 - FF/Latch <TMPDGT_2_7> (without init value) has a constant value of 1 in block <DISPLAY_UNIT>. This FF/Latch will be trimmed during the optimization process.
WARNING:Xst:1710 - FF/Latch <TMPDGT_3_7> (without init value) has a constant value of 1 in block <DISPLAY_UNIT>. This FF/Latch will be trimmed during the optimization process.
WARNING:Xst:2677 - Node <big_counter_14> of sequential type is unconnected in block <DISPLAY_UNIT>.
WARNING:Xst:2677 - Node <big_counter_15> of sequential type is unconnected in block <DISPLAY_UNIT>.
WARNING:Xst:2677 - Node <big_counter_16> of sequential type is unconnected in block <DISPLAY_UNIT>.
WARNING:Xst:2677 - Node <big_counter_17> of sequential type is unconnected in block <DISPLAY_UNIT>.
WARNING:Xst:2677 - Node <big_counter_18> of sequential type is unconnected in block <DISPLAY_UNIT>.
WARNING:Xst:2677 - Node <big_counter_19> of sequential type is unconnected in block <DISPLAY_UNIT>.
WARNING:Xst:2677 - Node <big_counter_20> of sequential type is unconnected in block <DISPLAY_UNIT>.
WARNING:Xst:2677 - Node <big_counter_21> of sequential type is unconnected in block <DISPLAY_UNIT>.
WARNING:Xst:2677 - Node <big_counter_22> of sequential type is unconnected in block <DISPLAY_UNIT>.
WARNING:Xst:2677 - Node <big_counter_23> of sequential type is unconnected in block <DISPLAY_UNIT>.
WARNING:Xst:2677 - Node <big_counter_24> of sequential type is unconnected in block <DISPLAY_UNIT>.
WARNING:Xst:2677 - Node <big_counter_25> of sequential type is unconnected in block <DISPLAY_UNIT>.
WARNING:Xst:2677 - Node <big_counter_26> of sequential type is unconnected in block <DISPLAY_UNIT>.
WARNING:Xst:2677 - Node <big_counter_27> of sequential type is unconnected in block <DISPLAY_UNIT>.
WARNING:Xst:2677 - Node <big_counter_28> of sequential type is unconnected in block <DISPLAY_UNIT>.
WARNING:Xst:2677 - Node <big_counter_29> of sequential type is unconnected in block <DISPLAY_UNIT>.
WARNING:Xst:2677 - Node <big_counter_30> of sequential type is unconnected in block <DISPLAY_UNIT>.
WARNING:Xst:2677 - Node <big_counter_31> of sequential type is unconnected in block <DISPLAY_UNIT>.
INFO:Xst:2261 - The FF/Latch <rdSig> in Unit <DISPLAY_UNIT> is equivalent to the following FF/Latch, which will be removed : <wrSig> 
WARNING:Xst:1426 - The value init of the FF/Latch DIGIT_7 hinder the constant cleaning in the block DISPLAY_UNIT.
   You should achieve better results by setting this init to 1.
WARNING:Xst:2170 - Unit DISPLAY_UNIT : the following signal(s) form a combinatorial loop: RO2/G19, RO2/G6t, RO2/G23t, RO2/G11.

Optimizing unit <DISPLAY_UNIT> ...

Optimizing unit <Rs232RefComp> ...
WARNING:Xst:1710 - FF/Latch <count_RO_12> (without init value) has a constant value of 0 in block <DISPLAY_UNIT>. This FF/Latch will be trimmed during the optimization process.
WARNING:Xst:1710 - FF/Latch <count_RO_13> (without init value) has a constant value of 0 in block <DISPLAY_UNIT>. This FF/Latch will be trimmed during the optimization process.
WARNING:Xst:1710 - FF/Latch <count_RO_14> (without init value) has a constant value of 0 in block <DISPLAY_UNIT>. This FF/Latch will be trimmed during the optimization process.
WARNING:Xst:1710 - FF/Latch <count_RO_15> (without init value) has a constant value of 0 in block <DISPLAY_UNIT>. This FF/Latch will be trimmed during the optimization process.
WARNING:Xst:1710 - FF/Latch <count_RO_16> (without init value) has a constant value of 0 in block <DISPLAY_UNIT>. This FF/Latch will be trimmed during the optimization process.
WARNING:Xst:1710 - FF/Latch <count_RO_17> (without init value) has a constant value of 0 in block <DISPLAY_UNIT>. This FF/Latch will be trimmed during the optimization process.
WARNING:Xst:1710 - FF/Latch <count_RO_18> (without init value) has a constant value of 0 in block <DISPLAY_UNIT>. This FF/Latch will be trimmed during the optimization process.
WARNING:Xst:1710 - FF/Latch <count_RO_19> (without init value) has a constant value of 0 in block <DISPLAY_UNIT>. This FF/Latch will be trimmed during the optimization process.
WARNING:Xst:1710 - FF/Latch <count_RO_20> (without init value) has a constant value of 0 in block <DISPLAY_UNIT>. This FF/Latch will be trimmed during the optimization process.
WARNING:Xst:1710 - FF/Latch <count_RO_21> (without init value) has a constant value of 0 in block <DISPLAY_UNIT>. This FF/Latch will be trimmed during the optimization process.
WARNING:Xst:1710 - FF/Latch <count_RO_22> (without init value) has a constant value of 0 in block <DISPLAY_UNIT>. This FF/Latch will be trimmed during the optimization process.
WARNING:Xst:1710 - FF/Latch <count_RO_23> (without init value) has a constant value of 0 in block <DISPLAY_UNIT>. This FF/Latch will be trimmed during the optimization process.
WARNING:Xst:1710 - FF/Latch <count_RO_24> (without init value) has a constant value of 0 in block <DISPLAY_UNIT>. This FF/Latch will be trimmed during the optimization process.
WARNING:Xst:1710 - FF/Latch <count_RO_25> (without init value) has a constant value of 0 in block <DISPLAY_UNIT>. This FF/Latch will be trimmed during the optimization process.
WARNING:Xst:1710 - FF/Latch <count_RO_26> (without init value) has a constant value of 0 in block <DISPLAY_UNIT>. This FF/Latch will be trimmed during the optimization process.
WARNING:Xst:1710 - FF/Latch <count_RO_27> (without init value) has a constant value of 0 in block <DISPLAY_UNIT>. This FF/Latch will be trimmed during the optimization process.
WARNING:Xst:1710 - FF/Latch <count_RO_28> (without init value) has a constant value of 0 in block <DISPLAY_UNIT>. This FF/Latch will be trimmed during the optimization process.
WARNING:Xst:1710 - FF/Latch <count_RO_31> (without init value) has a constant value of 0 in block <DISPLAY_UNIT>. This FF/Latch will be trimmed during the optimization process.
WARNING:Xst:1710 - FF/Latch <count_RO_30> (without init value) has a constant value of 0 in block <DISPLAY_UNIT>. This FF/Latch will be trimmed during the optimization process.
WARNING:Xst:1710 - FF/Latch <count_RO_29> (without init value) has a constant value of 0 in block <DISPLAY_UNIT>. This FF/Latch will be trimmed during the optimization process.
WARNING:Xst:1710 - FF/Latch <count_RO_0> (without init value) has a constant value of 0 in block <DISPLAY_UNIT>. This FF/Latch will be trimmed during the optimization process.
WARNING:Xst:1710 - FF/Latch <count_RO_1> (without init value) has a constant value of 0 in block <DISPLAY_UNIT>. This FF/Latch will be trimmed during the optimization process.
WARNING:Xst:1710 - FF/Latch <count_RO_2> (without init value) has a constant value of 0 in block <DISPLAY_UNIT>. This FF/Latch will be trimmed during the optimization process.
WARNING:Xst:1710 - FF/Latch <count_RO_3> (without init value) has a constant value of 0 in block <DISPLAY_UNIT>. This FF/Latch will be trimmed during the optimization process.
WARNING:Xst:1710 - FF/Latch <count_RO_4> (without init value) has a constant value of 0 in block <DISPLAY_UNIT>. This FF/Latch will be trimmed during the optimization process.
WARNING:Xst:1710 - FF/Latch <count_RO_5> (without init value) has a constant value of 0 in block <DISPLAY_UNIT>. This FF/Latch will be trimmed during the optimization process.
WARNING:Xst:1710 - FF/Latch <count_RO_6> (without init value) has a constant value of 0 in block <DISPLAY_UNIT>. This FF/Latch will be trimmed during the optimization process.
WARNING:Xst:1710 - FF/Latch <count_RO_7> (without init value) has a constant value of 0 in block <DISPLAY_UNIT>. This FF/Latch will be trimmed during the optimization process.
WARNING:Xst:1710 - FF/Latch <count_RO_8> (without init value) has a constant value of 0 in block <DISPLAY_UNIT>. This FF/Latch will be trimmed during the optimization process.
WARNING:Xst:1710 - FF/Latch <count_RO_9> (without init value) has a constant value of 0 in block <DISPLAY_UNIT>. This FF/Latch will be trimmed during the optimization process.
WARNING:Xst:1710 - FF/Latch <count_RO_10> (without init value) has a constant value of 0 in block <DISPLAY_UNIT>. This FF/Latch will be trimmed during the optimization process.
WARNING:Xst:1710 - FF/Latch <count_RO_11> (without init value) has a constant value of 0 in block <DISPLAY_UNIT>. This FF/Latch will be trimmed during the optimization process.
WARNING:Xst:1895 - Due to other FF/Latch trimming, FF/Latch <dbInSig_2> (without init value) has a constant value of 0 in block <DISPLAY_UNIT>. This FF/Latch will be trimmed during the optimization process.
WARNING:Xst:1895 - Due to other FF/Latch trimming, FF/Latch <dbInSig_6> (without init value) has a constant value of 0 in block <DISPLAY_UNIT>. This FF/Latch will be trimmed during the optimization process.
WARNING:Xst:1895 - Due to other FF/Latch trimming, FF/Latch <dbInSig_7> (without init value) has a constant value of 0 in block <DISPLAY_UNIT>. This FF/Latch will be trimmed during the optimization process.
WARNING:Xst:1895 - Due to other FF/Latch trimming, FF/Latch <tv_5> (without init value) has a constant value of 0 in block <DISPLAY_UNIT>. This FF/Latch will be trimmed during the optimization process.
WARNING:Xst:1895 - Due to other FF/Latch trimming, FF/Latch <tv_4> (without init value) has a constant value of 0 in block <DISPLAY_UNIT>. This FF/Latch will be trimmed during the optimization process.
WARNING:Xst:1895 - Due to other FF/Latch trimming, FF/Latch <tv_3> (without init value) has a constant value of 0 in block <DISPLAY_UNIT>. This FF/Latch will be trimmed during the optimization process.
WARNING:Xst:1895 - Due to other FF/Latch trimming, FF/Latch <tv_2> (without init value) has a constant value of 0 in block <DISPLAY_UNIT>. This FF/Latch will be trimmed during the optimization process.
WARNING:Xst:1895 - Due to other FF/Latch trimming, FF/Latch <tv_1> (without init value) has a constant value of 0 in block <DISPLAY_UNIT>. This FF/Latch will be trimmed during the optimization process.
WARNING:Xst:1895 - Due to other FF/Latch trimming, FF/Latch <tv_0> (without init value) has a constant value of 0 in block <DISPLAY_UNIT>. This FF/Latch will be trimmed during the optimization process.
WARNING:Xst:2677 - Node <dbInSig_8> of sequential type is unconnected in block <DISPLAY_UNIT>.
WARNING:Xst:2677 - Node <dbInSig_9> of sequential type is unconnected in block <DISPLAY_UNIT>.
WARNING:Xst:2677 - Node <dbInSig_10> of sequential type is unconnected in block <DISPLAY_UNIT>.
WARNING:Xst:2677 - Node <dbInSig_11> of sequential type is unconnected in block <DISPLAY_UNIT>.
WARNING:Xst:2677 - Node <dbInSig_12> of sequential type is unconnected in block <DISPLAY_UNIT>.
WARNING:Xst:2677 - Node <dbInSig_13> of sequential type is unconnected in block <DISPLAY_UNIT>.
WARNING:Xst:2677 - Node <dbInSig_14> of sequential type is unconnected in block <DISPLAY_UNIT>.
WARNING:Xst:2677 - Node <dbInSig_15> of sequential type is unconnected in block <DISPLAY_UNIT>.
WARNING:Xst:2677 - Node <dbInSig_16> of sequential type is unconnected in block <DISPLAY_UNIT>.
WARNING:Xst:2677 - Node <dbInSig_17> of sequential type is unconnected in block <DISPLAY_UNIT>.
WARNING:Xst:2677 - Node <dbInSig_18> of sequential type is unconnected in block <DISPLAY_UNIT>.
WARNING:Xst:2677 - Node <dbInSig_19> of sequential type is unconnected in block <DISPLAY_UNIT>.
WARNING:Xst:2677 - Node <UART/OE> of sequential type is unconnected in block <DISPLAY_UNIT>.
WARNING:Xst:2677 - Node <UART/rdReg_0> of sequential type is unconnected in block <DISPLAY_UNIT>.
WARNING:Xst:2677 - Node <UART/rdReg_1> of sequential type is unconnected in block <DISPLAY_UNIT>.
WARNING:Xst:2677 - Node <UART/rdReg_2> of sequential type is unconnected in block <DISPLAY_UNIT>.
WARNING:Xst:2677 - Node <UART/rdReg_3> of sequential type is unconnected in block <DISPLAY_UNIT>.
WARNING:Xst:2677 - Node <UART/rdReg_5> of sequential type is unconnected in block <DISPLAY_UNIT>.
WARNING:Xst:2677 - Node <UART/rdReg_6> of sequential type is unconnected in block <DISPLAY_UNIT>.
WARNING:Xst:2677 - Node <UART/rdReg_4> of sequential type is unconnected in block <DISPLAY_UNIT>.
WARNING:Xst:2677 - Node <UART/rdReg_7> of sequential type is unconnected in block <DISPLAY_UNIT>.
WARNING:Xst:2677 - Node <UART/PE> of sequential type is unconnected in block <DISPLAY_UNIT>.
WARNING:Xst:2677 - Node <UART/FE> of sequential type is unconnected in block <DISPLAY_UNIT>.
WARNING:Xst:2677 - Node <UART/rdSReg_9> of sequential type is unconnected in block <DISPLAY_UNIT>.
WARNING:Xst:2677 - Node <UART/rdSReg_8> of sequential type is unconnected in block <DISPLAY_UNIT>.
WARNING:Xst:2677 - Node <UART/rdSReg_7> of sequential type is unconnected in block <DISPLAY_UNIT>.
WARNING:Xst:2677 - Node <UART/rdSReg_6> of sequential type is unconnected in block <DISPLAY_UNIT>.
WARNING:Xst:2677 - Node <UART/rdSReg_5> of sequential type is unconnected in block <DISPLAY_UNIT>.
WARNING:Xst:2677 - Node <UART/rdSReg_4> of sequential type is unconnected in block <DISPLAY_UNIT>.
WARNING:Xst:2677 - Node <UART/rdSReg_3> of sequential type is unconnected in block <DISPLAY_UNIT>.
WARNING:Xst:2677 - Node <UART/rdSReg_2> of sequential type is unconnected in block <DISPLAY_UNIT>.
WARNING:Xst:2677 - Node <UART/rdSReg_1> of sequential type is unconnected in block <DISPLAY_UNIT>.
WARNING:Xst:2677 - Node <UART/rdSReg_0> of sequential type is unconnected in block <DISPLAY_UNIT>.
WARNING:Xst:2677 - Node <count_RO_t_0> of sequential type is unconnected in block <DISPLAY_UNIT>.
WARNING:Xst:2677 - Node <count_RO_t_1> of sequential type is unconnected in block <DISPLAY_UNIT>.
WARNING:Xst:2677 - Node <count_RO_t_2> of sequential type is unconnected in block <DISPLAY_UNIT>.
WARNING:Xst:2677 - Node <count_RO_t_3> of sequential type is unconnected in block <DISPLAY_UNIT>.
WARNING:Xst:2677 - Node <count_RO_t_4> of sequential type is unconnected in block <DISPLAY_UNIT>.
WARNING:Xst:2677 - Node <count_RO_t_5> of sequential type is unconnected in block <DISPLAY_UNIT>.
WARNING:Xst:2677 - Node <count_RO_t_6> of sequential type is unconnected in block <DISPLAY_UNIT>.
WARNING:Xst:2677 - Node <count_RO_t_7> of sequential type is unconnected in block <DISPLAY_UNIT>.
WARNING:Xst:2677 - Node <count_RO_t_8> of sequential type is unconnected in block <DISPLAY_UNIT>.
WARNING:Xst:2677 - Node <count_RO_t_9> of sequential type is unconnected in block <DISPLAY_UNIT>.
WARNING:Xst:2677 - Node <count_RO_t_10> of sequential type is unconnected in block <DISPLAY_UNIT>.
WARNING:Xst:2677 - Node <count_RO_t_11> of sequential type is unconnected in block <DISPLAY_UNIT>.
WARNING:Xst:2677 - Node <count_RO_t_12> of sequential type is unconnected in block <DISPLAY_UNIT>.
WARNING:Xst:2677 - Node <count_RO_t_13> of sequential type is unconnected in block <DISPLAY_UNIT>.
WARNING:Xst:2677 - Node <count_RO_t_14> of sequential type is unconnected in block <DISPLAY_UNIT>.
WARNING:Xst:2677 - Node <count_RO_t_15> of sequential type is unconnected in block <DISPLAY_UNIT>.
WARNING:Xst:2677 - Node <count_RO_t_16> of sequential type is unconnected in block <DISPLAY_UNIT>.
WARNING:Xst:2677 - Node <count_RO_t_17> of sequential type is unconnected in block <DISPLAY_UNIT>.
WARNING:Xst:2677 - Node <count_RO_t_18> of sequential type is unconnected in block <DISPLAY_UNIT>.
WARNING:Xst:2677 - Node <count_RO_t_19> of sequential type is unconnected in block <DISPLAY_UNIT>.
WARNING:Xst:2677 - Node <count_RO_t_20> of sequential type is unconnected in block <DISPLAY_UNIT>.
WARNING:Xst:2677 - Node <count_RO_t_21> of sequential type is unconnected in block <DISPLAY_UNIT>.
WARNING:Xst:2677 - Node <count_RO_t_22> of sequential type is unconnected in block <DISPLAY_UNIT>.
WARNING:Xst:2677 - Node <count_RO_t_23> of sequential type is unconnected in block <DISPLAY_UNIT>.
WARNING:Xst:2677 - Node <count_RO_t_24> of sequential type is unconnected in block <DISPLAY_UNIT>.
WARNING:Xst:2677 - Node <count_RO_t_25> of sequential type is unconnected in block <DISPLAY_UNIT>.
WARNING:Xst:2677 - Node <count_RO_t_26> of sequential type is unconnected in block <DISPLAY_UNIT>.
WARNING:Xst:2677 - Node <count_RO_t_27> of sequential type is unconnected in block <DISPLAY_UNIT>.
WARNING:Xst:2677 - Node <count_RO_t_28> of sequential type is unconnected in block <DISPLAY_UNIT>.
WARNING:Xst:2677 - Node <count_RO_t_29> of sequential type is unconnected in block <DISPLAY_UNIT>.
WARNING:Xst:2677 - Node <count_RO_t_30> of sequential type is unconnected in block <DISPLAY_UNIT>.
WARNING:Xst:2677 - Node <count_RO_t_31> of sequential type is unconnected in block <DISPLAY_UNIT>.
WARNING:Xst:1710 - FF/Latch <Rflag_0> (without init value) has a constant value of 0 in block <DISPLAY_UNIT>. This FF/Latch will be trimmed during the optimization process.
WARNING:Xst:1895 - Due to other FF/Latch trimming, FF/Latch <Rflag_1> (without init value) has a constant value of 0 in block <DISPLAY_UNIT>. This FF/Latch will be trimmed during the optimization process.
WARNING:Xst:1895 - Due to other FF/Latch trimming, FF/Latch <Rflag_2> (without init value) has a constant value of 0 in block <DISPLAY_UNIT>. This FF/Latch will be trimmed during the optimization process.
INFO:Xst:2261 - The FF/Latch <NAMEA_4> in Unit <DISPLAY_UNIT> is equivalent to the following 27 FFs/Latches, which will be removed : <NAMEA_5> <NAMEA_6> <NAMEA_7> <NAMEA_8> <NAMEA_9> <NAMEA_10> <NAMEA_11> <NAMEA_12> <NAMEA_13> <NAMEA_14> <NAMEA_15> <NAMEA_16> <NAMEA_17> <NAMEA_18> <NAMEA_19> <NAMEA_20> <NAMEA_21> <NAMEA_22> <NAMEA_23> <NAMEA_24> <NAMEA_25> <NAMEA_26> <NAMEA_27> <NAMEA_28> <NAMEA_29> <NAMEA_30> <NAMEA_31> 
INFO:Xst:2261 - The FF/Latch <NAMEB_4> in Unit <DISPLAY_UNIT> is equivalent to the following 27 FFs/Latches, which will be removed : <NAMEB_5> <NAMEB_6> <NAMEB_7> <NAMEB_8> <NAMEB_9> <NAMEB_10> <NAMEB_11> <NAMEB_12> <NAMEB_13> <NAMEB_14> <NAMEB_15> <NAMEB_16> <NAMEB_17> <NAMEB_18> <NAMEB_19> <NAMEB_20> <NAMEB_21> <NAMEB_22> <NAMEB_23> <NAMEB_24> <NAMEB_25> <NAMEB_26> <NAMEB_27> <NAMEB_28> <NAMEB_29> <NAMEB_30> <NAMEB_31> 
INFO:Xst:2261 - The FF/Latch <NAMEC_4> in Unit <DISPLAY_UNIT> is equivalent to the following 27 FFs/Latches, which will be removed : <NAMEC_5> <NAMEC_6> <NAMEC_7> <NAMEC_8> <NAMEC_9> <NAMEC_10> <NAMEC_11> <NAMEC_12> <NAMEC_13> <NAMEC_14> <NAMEC_15> <NAMEC_16> <NAMEC_17> <NAMEC_18> <NAMEC_19> <NAMEC_20> <NAMEC_21> <NAMEC_22> <NAMEC_23> <NAMEC_24> <NAMEC_25> <NAMEC_26> <NAMEC_27> <NAMEC_28> <NAMEC_29> <NAMEC_30> <NAMEC_31> 
INFO:Xst:2261 - The FF/Latch <NAMED_4> in Unit <DISPLAY_UNIT> is equivalent to the following 27 FFs/Latches, which will be removed : <NAMED_5> <NAMED_6> <NAMED_7> <NAMED_8> <NAMED_9> <NAMED_10> <NAMED_11> <NAMED_12> <NAMED_13> <NAMED_14> <NAMED_15> <NAMED_16> <NAMED_17> <NAMED_18> <NAMED_19> <NAMED_20> <NAMED_21> <NAMED_22> <NAMED_23> <NAMED_24> <NAMED_25> <NAMED_26> <NAMED_27> <NAMED_28> <NAMED_29> <NAMED_30> <NAMED_31> 

Mapping all equations...
Building and optimizing final netlist ...
Found area constraint ratio of 100 (+ 5) on block DISPLAY_UNIT, actual ratio is 1.

Final Macro Processing ...

=========================================================================
Final Register Report

Macro Statistics
# Registers                                            : 228
 Flip-Flops                                            : 228

=========================================================================

=========================================================================
*                           Partition Report                            *
=========================================================================

Partition Implementation Status
-------------------------------

  No Partitions were found in this design.

-------------------------------

=========================================================================
*                            Design Summary                             *
=========================================================================

Top Level Output File Name         : DISPLAY_UNIT.ngc

Primitive and Black Box Usage:
------------------------------
# BELS                             : 804
#      GND                         : 1
#      INV                         : 15
#      LUT1                        : 130
#      LUT2                        : 46
#      LUT3                        : 29
#      LUT4                        : 104
#      LUT5                        : 116
#      LUT6                        : 91
#      MUXCY                       : 130
#      MUXF7                       : 2
#      VCC                         : 1
#      XORCY                       : 139
# FlipFlops/Latches                : 229
#      FD                          : 97
#      FDC                         : 4
#      FDCE                        : 39
#      FDE                         : 39
#      FDPE                        : 4
#      FDR                         : 40
#      FDRE                        : 4
#      FDS                         : 1
#      LD                          : 1
# Clock Buffers                    : 2
#      BUFG                        : 1
#      BUFGP                       : 1
# IO Buffers                       : 40
#      IBUF                        : 4
#      OBUF                        : 36

Device utilization summary:
---------------------------

Selected Device : 7a100tcsg324-3 


Slice Logic Utilization: 
 Number of Slice Registers:             228  out of  126800     0%  
 Number of Slice LUTs:                  531  out of  63400     0%  
    Number used as Logic:               531  out of  63400     0%  

Slice Logic Distribution: 
 Number of LUT Flip Flop pairs used:    535
   Number with an unused Flip Flop:     307  out of    535    57%  
   Number with an unused LUT:             4  out of    535     0%  
   Number of fully used LUT-FF pairs:   224  out of    535    41%  
   Number of unique control sets:        22

IO Utilization: 
 Number of IOs:                          41
 Number of bonded IOBs:                  41  out of    210    19%  
    IOB Flip Flops/Latches:               1

Specific Feature Utilization:
 Number of BUFG/BUFGCTRLs:                2  out of     32     6%  

---------------------------
Partition Resource Summary:
---------------------------

  No Partitions were found in this design.

---------------------------


=========================================================================
Timing Report

NOTE: THESE TIMING NUMBERS ARE ONLY A SYNTHESIS ESTIMATE.
      FOR ACCURATE TIMING INFORMATION PLEASE REFER TO THE TRACE REPORT
      GENERATED AFTER PLACE-and-ROUTE.

Clock Information:
------------------
-----------------------------------+------------------------+-------+
Clock Signal                       | Clock buffer(FF name)  | Load  |
-----------------------------------+------------------------+-------+
clk                                | BUFGP                  | 105   |
CLKM                               | BUFG                   | 92    |
UART/rClkDiv_3                     | NONE(UART/tfCtr_3)     | 16    |
UART/rClk                          | NONE(UART/ctr_3)       | 15    |
UART/stbeCur_FSM_FFd1              | NONE(UART/TBE)         | 1     |
-----------------------------------+------------------------+-------+
INFO:Xst:2169 - HDL ADVISOR - Some clock signals were not automatically buffered by XST with BUFG/BUFR resources. Please use the buffer_type constraint in order to insert these buffers to the clock signals to help prevent skew problems.

Asynchronous Control Signals Information:
----------------------------------------
No asynchronous control signals found in this design

Timing Summary:
---------------
Speed Grade: -3

   Minimum period: 2.775ns (Maximum Frequency: 360.295MHz)
   Minimum input arrival time before clock: 2.855ns
   Maximum output required time after clock: 1.286ns
   Maximum combinational path delay: No path found

Timing Details:
---------------
All values displayed in nanoseconds (ns)

=========================================================================
Timing constraint: Default period analysis for Clock 'clk'
  Clock period: 2.587ns (frequency: 386.551MHz)
  Total number of paths / destination ports: 3676 / 158
-------------------------------------------------------------------------
Delay:               2.587ns (Levels of Logic = 3)
  Source:            Z_9 (FF)
  Destination:       Z_31 (FF)
  Source Clock:      clk rising
  Destination Clock: clk rising

  Data Path: Z_9 to Z_31
                                Gate     Net
    Cell:in->out      fanout   Delay   Delay  Logical Name (Net Name)
    ----------------------------------------  ------------
     FD:C->Q               4   0.361   0.570  Z_9 (Z_9)
     LUT4:I0->O            1   0.097   0.693  GND_6_o_Z[31]_equal_92_o<31>_SW0_SW0 (N21)
     LUT6:I0->O           34   0.097   0.663  GND_6_o_Z[31]_equal_92_o<31> (GND_6_o_Z[31]_equal_92_o)
     LUT4:I0->O            1   0.097   0.000  Z_31_rstpot (Z_31_rstpot)
     FD:D                      0.008          Z_31
    ----------------------------------------
    Total                      2.587ns (0.660ns logic, 1.927ns route)
                                       (25.5% logic, 74.5% route)

=========================================================================
Timing constraint: Default period analysis for Clock 'CLKM'
  Clock period: 2.775ns (frequency: 360.296MHz)
  Total number of paths / destination ports: 4335 / 136
-------------------------------------------------------------------------
Delay:               2.775ns (Levels of Logic = 4)
  Source:            G_0 (FF)
  Destination:       NAMEA_0 (FF)
  Source Clock:      CLKM rising
  Destination Clock: CLKM rising

  Data Path: G_0 to NAMEA_0
                                Gate     Net
    Cell:in->out      fanout   Delay   Delay  Logical Name (Net Name)
    ----------------------------------------  ------------
     FD:C->Q               2   0.361   0.697  G_0 (G_0)
     LUT6:I0->O            2   0.097   0.697  GND_6_o_G[31]_equal_111_o<31>1 (GND_6_o_G[31]_equal_111_o<31>)
     LUT6:I0->O            4   0.097   0.309  GND_6_o_G[31]_equal_111_o<31>7_1 (GND_6_o_G[31]_equal_111_o<31>7)
     LUT6:I5->O            5   0.097   0.314  _n04361 (_n0436)
     LUT4:I3->O            1   0.097   0.000  NAMEA_0_rstpot (NAMEA_0_rstpot)
     FD:D                      0.008          NAMEA_0
    ----------------------------------------
    Total                      2.775ns (0.757ns logic, 2.018ns route)
                                       (27.3% logic, 72.7% route)

=========================================================================
Timing constraint: Default period analysis for Clock 'UART/rClkDiv_3'
  Clock period: 1.309ns (frequency: 764.000MHz)
  Total number of paths / destination ports: 61 / 30
-------------------------------------------------------------------------
Delay:               1.309ns (Levels of Logic = 1)
  Source:            UART/sttCur_FSM_FFd1 (FF)
  Destination:       UART/tfSReg_9 (FF)
  Source Clock:      UART/rClkDiv_3 rising
  Destination Clock: UART/rClkDiv_3 rising

  Data Path: UART/sttCur_FSM_FFd1 to UART/tfSReg_9
                                Gate     Net
    Cell:in->out      fanout   Delay   Delay  Logical Name (Net Name)
    ----------------------------------------  ------------
     FDR:C->Q             13   0.361   0.435  UART/sttCur_FSM_FFd1 (UART/sttCur_FSM_FFd1)
     LUT2:I0->O           10   0.097   0.321  UART/_n0223_inv1 (UART/_n0223_inv)
     FDE:CE                    0.095          UART/tfSReg_0
    ----------------------------------------
    Total                      1.309ns (0.553ns logic, 0.756ns route)
                                       (42.2% logic, 57.8% route)

=========================================================================
Timing constraint: Default period analysis for Clock 'UART/rClk'
  Clock period: 1.904ns (frequency: 525.182MHz)
  Total number of paths / destination ports: 115 / 27
-------------------------------------------------------------------------
Delay:               1.904ns (Levels of Logic = 2)
  Source:            UART/ctr_1 (FF)
  Destination:       UART/ctr_3 (FF)
  Source Clock:      UART/rClk rising
  Destination Clock: UART/rClk rising

  Data Path: UART/ctr_1 to UART/ctr_3
                                Gate     Net
    Cell:in->out      fanout   Delay   Delay  Logical Name (Net Name)
    ----------------------------------------  ------------
     FDR:C->Q              8   0.361   0.411  UART/ctr_1 (UART/ctr_1)
     LUT2:I0->O            1   0.097   0.295  UART/ctRst_SW0 (N15)
     LUT6:I5->O            4   0.097   0.293  UART/ctRst (UART/ctRst)
     FDR:R                     0.349          UART/ctr_0
    ----------------------------------------
    Total                      1.904ns (0.904ns logic, 1.000ns route)
                                       (47.5% logic, 52.5% route)

=========================================================================
Timing constraint: Default OFFSET IN BEFORE for Clock 'clk'
  Total number of paths / destination ports: 16 / 16
-------------------------------------------------------------------------
Offset:              0.720ns (Levels of Logic = 1)
  Source:            RST (PAD)
  Destination:       rdSig (FF)
  Destination Clock: clk rising

  Data Path: RST to rdSig
                                Gate     Net
    Cell:in->out      fanout   Delay   Delay  Logical Name (Net Name)
    ----------------------------------------  ------------
     IBUF:I->O            21   0.001   0.370  RST_IBUF (RST_IBUF)
     FDCE:CLR                  0.349          rdSig
    ----------------------------------------
    Total                      0.720ns (0.350ns logic, 0.370ns route)
                                       (48.6% logic, 51.4% route)

=========================================================================
Timing constraint: Default OFFSET IN BEFORE for Clock 'CLKM'
  Total number of paths / destination ports: 468 / 28
-------------------------------------------------------------------------
Offset:              2.855ns (Levels of Logic = 5)
  Source:            REF (PAD)
  Destination:       TMPDGT_1_6 (FF)
  Destination Clock: CLKM rising

  Data Path: REF to TMPDGT_1_6
                                Gate     Net
    Cell:in->out      fanout   Delay   Delay  Logical Name (Net Name)
    ----------------------------------------  ------------
     IBUF:I->O            79   0.001   0.670  REF_IBUF (REF_IBUF)
     LUT4:I0->O            7   0.097   0.711  Mmux_n036821 (n0368<1>)
     LUT5:I0->O            4   0.097   0.393  CONV8/Mram_Y61 (CONV8/Mram_Y6)
     LUT5:I3->O            1   0.097   0.683  Mmux_NAMEB[3]_NAME[15][7]_wide_mux_115_OUT145 (Mmux_NAMEB[3]_NAME[15][7]_wide_mux_115_OUT144)
     LUT6:I1->O            1   0.097   0.000  Mmux_NAMEB[3]_NAME[15][7]_wide_mux_115_OUT148 (NAMEB[3]_NAME[15][7]_wide_mux_115_OUT<6>)
     FDE:D                     0.008          TMPDGT_1_6
    ----------------------------------------
    Total                      2.855ns (0.397ns logic, 2.458ns route)
                                       (13.9% logic, 86.1% route)

=========================================================================
Timing constraint: Default OFFSET IN BEFORE for Clock 'UART/rClk'
  Total number of paths / destination ports: 8 / 8
-------------------------------------------------------------------------
Offset:              1.438ns (Levels of Logic = 2)
  Source:            RXD (PAD)
  Destination:       UART/ctr_3 (FF)
  Destination Clock: UART/rClk rising

  Data Path: RXD to UART/ctr_3
                                Gate     Net
    Cell:in->out      fanout   Delay   Delay  Logical Name (Net Name)
    ----------------------------------------  ------------
     IBUF:I->O             2   0.001   0.697  RXD_IBUF (RXD_IBUF)
     LUT6:I0->O            4   0.097   0.293  UART/ctRst (UART/ctRst)
     FDR:R                     0.349          UART/ctr_0
    ----------------------------------------
    Total                      1.438ns (0.447ns logic, 0.991ns route)
                                       (31.1% logic, 68.9% route)

=========================================================================
Timing constraint: Default OFFSET IN BEFORE for Clock 'UART/rClkDiv_3'
  Total number of paths / destination ports: 2 / 2
-------------------------------------------------------------------------
Offset:              0.720ns (Levels of Logic = 1)
  Source:            RST (PAD)
  Destination:       UART/sttCur_FSM_FFd2 (FF)
  Destination Clock: UART/rClkDiv_3 rising

  Data Path: RST to UART/sttCur_FSM_FFd2
                                Gate     Net
    Cell:in->out      fanout   Delay   Delay  Logical Name (Net Name)
    ----------------------------------------  ------------
     IBUF:I->O            21   0.001   0.370  RST_IBUF (RST_IBUF)
     FDR:R                     0.349          UART/sttCur_FSM_FFd1
    ----------------------------------------
    Total                      0.720ns (0.350ns logic, 0.370ns route)
                                       (48.6% logic, 51.4% route)

=========================================================================
Timing constraint: Default OFFSET OUT AFTER for Clock 'CLKM'
  Total number of paths / destination ports: 12 / 12
-------------------------------------------------------------------------
Offset:              0.677ns (Levels of Logic = 1)
  Source:            TEMP_FSM_FFd1 (FF)
  Destination:       ANODE<3> (PAD)
  Source Clock:      CLKM rising

  Data Path: TEMP_FSM_FFd1 to ANODE<3>
                                Gate     Net
    Cell:in->out      fanout   Delay   Delay  Logical Name (Net Name)
    ----------------------------------------  ------------
     FD:C->Q               9   0.361   0.316  TEMP_FSM_FFd1 (TEMP_FSM_FFd1)
     OBUF:I->O                 0.000          ANODE_3_OBUF (ANODE<3>)
    ----------------------------------------
    Total                      0.677ns (0.361ns logic, 0.316ns route)
                                       (53.3% logic, 46.7% route)

=========================================================================
Timing constraint: Default OFFSET OUT AFTER for Clock 'clk'
  Total number of paths / destination ports: 24 / 8
-------------------------------------------------------------------------
Offset:              1.286ns (Levels of Logic = 2)
  Source:            big_counter_11 (FF)
  Destination:       dis<7> (PAD)
  Source Clock:      clk rising

  Data Path: big_counter_11 to dis<7>
                                Gate     Net
    Cell:in->out      fanout   Delay   Delay  Logical Name (Net Name)
    ----------------------------------------  ------------
     FD:C->Q               9   0.361   0.548  big_counter_11 (big_counter_11)
     LUT3:I0->O            1   0.097   0.279  Mram_dis111 (dis_1_OBUF)
     OBUF:I->O                 0.000          dis_1_OBUF (dis<1>)
    ----------------------------------------
    Total                      1.286ns (0.458ns logic, 0.828ns route)
                                       (35.6% logic, 64.4% route)

=========================================================================
Timing constraint: Default OFFSET OUT AFTER for Clock 'UART/rClkDiv_3'
  Total number of paths / destination ports: 1 / 1
-------------------------------------------------------------------------
Offset:              0.640ns (Levels of Logic = 1)
  Source:            UART/tfSReg_0 (FF)
  Destination:       TXD (PAD)
  Source Clock:      UART/rClkDiv_3 rising

  Data Path: UART/tfSReg_0 to TXD
                                Gate     Net
    Cell:in->out      fanout   Delay   Delay  Logical Name (Net Name)
    ----------------------------------------  ------------
     FDE:C->Q              1   0.361   0.279  UART/tfSReg_0 (UART/tfSReg_0)
     OBUF:I->O                 0.000          TXD_OBUF (TXD)
    ----------------------------------------
    Total                      0.640ns (0.361ns logic, 0.279ns route)
                                       (56.4% logic, 43.6% route)

=========================================================================

Cross Clock Domains Report:
--------------------------

Clock to Setup on destination clock CLKM
---------------+---------+---------+---------+---------+
               | Src:Rise| Src:Fall| Src:Rise| Src:Fall|
Source Clock   |Dest:Rise|Dest:Rise|Dest:Fall|Dest:Fall|
---------------+---------+---------+---------+---------+
CLKM           |    2.775|         |         |         |
clk            |    2.916|         |         |         |
---------------+---------+---------+---------+---------+

Clock to Setup on destination clock UART/rClk
---------------+---------+---------+---------+---------+
               | Src:Rise| Src:Fall| Src:Rise| Src:Fall|
Source Clock   |Dest:Rise|Dest:Rise|Dest:Fall|Dest:Fall|
---------------+---------+---------+---------+---------+
UART/rClk      |    1.904|         |         |         |
clk            |    1.475|         |         |         |
---------------+---------+---------+---------+---------+

Clock to Setup on destination clock UART/rClkDiv_3
---------------------+---------+---------+---------+---------+
                     | Src:Rise| Src:Fall| Src:Rise| Src:Fall|
Source Clock         |Dest:Rise|Dest:Rise|Dest:Fall|Dest:Fall|
---------------------+---------+---------+---------+---------+
UART/rClkDiv_3       |    1.309|         |         |         |
UART/stbeCur_FSM_FFd1|    1.098|         |         |         |
clk                  |    1.154|         |         |         |
---------------------+---------+---------+---------+---------+

Clock to Setup on destination clock UART/stbeCur_FSM_FFd1
---------------+---------+---------+---------+---------+
               | Src:Rise| Src:Fall| Src:Rise| Src:Fall|
Source Clock   |Dest:Rise|Dest:Rise|Dest:Fall|Dest:Fall|
---------------+---------+---------+---------+---------+
clk            |    0.847|         |         |         |
---------------+---------+---------+---------+---------+

Clock to Setup on destination clock clk
---------------------+---------+---------+---------+---------+
                     | Src:Rise| Src:Fall| Src:Rise| Src:Fall|
Source Clock         |Dest:Rise|Dest:Rise|Dest:Fall|Dest:Fall|
---------------------+---------+---------+---------+---------+
UART/rClk            |    1.379|         |         |         |
UART/rClkDiv_3       |    0.882|         |         |         |
UART/stbeCur_FSM_FFd1|    1.535|         |         |         |
clk                  |    2.587|         |         |         |
---------------------+---------+---------+---------+---------+

=========================================================================


Total REAL time to Xst completion: 16.00 secs
Total CPU time to Xst completion: 16.16 secs
 
--> 

Total memory usage is 431040 kilobytes

Number of errors   :    0 (   0 filtered)
Number of warnings :  199 (   0 filtered)
Number of infos    :   14 (   0 filtered)

