--------------------------------------------------------------------------------
Release 14.7 Trace  (nt64)
Copyright (c) 1995-2013 Xilinx, Inc.  All rights reserved.

C:\Documents\Xilinx\14.7\ISE_DS\ISE\bin\nt64\unwrapped\trce.exe -intstyle ise
-v 3 -s 3 -n 3 -fastpaths -xml DISPLAY_UNIT.twx DISPLAY_UNIT.ncd -o
DISPLAY_UNIT.twr DISPLAY_UNIT.pcf -ucf Nexys4DDR_Master.ucf

Design file:              DISPLAY_UNIT.ncd
Physical constraint file: DISPLAY_UNIT.pcf
Device,package,speed:     xc7a100t,csg324,C,-3 (PRODUCTION 1.10 2013-10-13)
Report level:             verbose report

Environment Variable      Effect 
--------------------      ------ 
NONE                      No environment variables were set
--------------------------------------------------------------------------------

INFO:Timing:2698 - No timing constraints found, doing default enumeration.
INFO:Timing:3412 - To improve timing, see the Timing Closure User Guide (UG612).
INFO:Timing:2752 - To get complete path coverage, use the unconstrained paths 
   option. All paths that are not constrained will be reported in the 
   unconstrained paths section(s) of the report.
INFO:Timing:3339 - The clock-to-out numbers in this timing report are based on 
   a 50 Ohm transmission line loading model.  For the details of this model, 
   and for more information on accounting for different loading conditions, 
   please see the device datasheet.



Data Sheet report:
-----------------
All values displayed in nanoseconds (ns)

Setup/Hold to clock clk
------------+------------+------------+------------+------------+------------------+--------+
            |Max Setup to|  Process   |Max Hold to |  Process   |                  | Clock  |
Source      | clk (edge) |   Corner   | clk (edge) |   Corner   |Internal Clock(s) | Phase  |
------------+------------+------------+------------+------------+------------------+--------+
RST         |    5.655(R)|      SLOW  |    1.982(R)|      SLOW  |clk_BUFGP         |   0.000|
------------+------------+------------+------------+------------+------------------+--------+

Clock clk to Pad
---------------+-----------------+------------+-----------------+------------+------------------+--------+
               |Max (slowest) clk|  Process   |Min (fastest) clk|  Process   |                  | Clock  |
Destination    |  (edge) to PAD  |   Corner   |  (edge) to PAD  |   Corner   |Internal Clock(s) | Phase  |
---------------+-----------------+------------+-----------------+------------+------------------+--------+
dis<0>         |        10.469(R)|      SLOW  |         3.739(R)|      FAST  |clk_BUFGP         |   0.000|
dis<1>         |        10.519(R)|      SLOW  |         3.760(R)|      FAST  |clk_BUFGP         |   0.000|
dis<2>         |        10.511(R)|      SLOW  |         4.001(R)|      FAST  |clk_BUFGP         |   0.000|
dis<3>         |        10.395(R)|      SLOW  |         3.905(R)|      FAST  |clk_BUFGP         |   0.000|
dis<4>         |         9.789(R)|      SLOW  |         3.462(R)|      FAST  |clk_BUFGP         |   0.000|
dis<5>         |        10.165(R)|      SLOW  |         3.678(R)|      FAST  |clk_BUFGP         |   0.000|
dis<6>         |        11.415(R)|      SLOW  |         4.496(R)|      FAST  |clk_BUFGP         |   0.000|
dis<7>         |        10.758(R)|      SLOW  |         4.088(R)|      FAST  |clk_BUFGP         |   0.000|
seg_out<0>     |        11.891(R)|      SLOW  |         3.787(R)|      FAST  |clk_BUFGP         |   0.000|
seg_out<1>     |        12.442(R)|      SLOW  |         3.894(R)|      FAST  |clk_BUFGP         |   0.000|
seg_out<2>     |        12.087(R)|      SLOW  |         3.892(R)|      FAST  |clk_BUFGP         |   0.000|
seg_out<3>     |        12.599(R)|      SLOW  |         4.066(R)|      FAST  |clk_BUFGP         |   0.000|
seg_out<4>     |        12.491(R)|      SLOW  |         3.851(R)|      FAST  |clk_BUFGP         |   0.000|
seg_out<5>     |        12.614(R)|      SLOW  |         3.974(R)|      FAST  |clk_BUFGP         |   0.000|
seg_out<6>     |        12.669(R)|      SLOW  |         4.093(R)|      FAST  |clk_BUFGP         |   0.000|
st_indicator<0>|         9.110(R)|      SLOW  |         3.316(R)|      FAST  |clk_BUFGP         |   0.000|
st_indicator<1>|         9.068(R)|      SLOW  |         3.305(R)|      FAST  |clk_BUFGP         |   0.000|
st_indicator<2>|         8.982(R)|      SLOW  |         3.241(R)|      FAST  |clk_BUFGP         |   0.000|
---------------+-----------------+------------+-----------------+------------+------------------+--------+

Clock to Setup on destination clock clk
---------------+---------+---------+---------+---------+
               | Src:Rise| Src:Fall| Src:Rise| Src:Fall|
Source Clock   |Dest:Rise|Dest:Rise|Dest:Fall|Dest:Fall|
---------------+---------+---------+---------+---------+
clk            |    8.768|    3.069|    3.605|    1.674|
---------------+---------+---------+---------+---------+


Analysis completed Fri May 13 21:21:25 2016 
--------------------------------------------------------------------------------

Trace Settings:
-------------------------
Trace Settings 

Peak Memory Usage: 763 MB



