

================================================================
== Vivado HLS Report for 'cmp_max'
================================================================
* Date:           Fri May 06 22:46:39 2016

* Version:        2015.4 (Build 1412921 on Wed Nov 18 09:58:55 AM 2015)
* Project:        cmp_max
* Solution:       solution1
* Product family: artix7
* Target device:  xc7a200tfbg676-2


================================================================
== Performance Estimates
================================================================
+ Timing (ns): 
    * Summary: 
    +--------+-------+----------+------------+
    |  Clock | Target| Estimated| Uncertainty|
    +--------+-------+----------+------------+
    |ap_clk  |  10.00|      7.61|        1.25|
    +--------+-------+----------+------------+

+ Latency (clock cycles): 
    * Summary: 
    +-----+-----+-----+-----+---------+
    |  Latency  |  Interval | Pipeline|
    | min | max | min | max |   Type  |
    +-----+-----+-----+-----+---------+
    |    1|    2|    2|    3|   none  |
    +-----+-----+-----+-----+---------+

    + Detail: 
        * Instance: 
        N/A

        * Loop: 
        N/A



================================================================
== Utilization Estimates
================================================================
* Summary: 
+-----------------+---------+-------+--------+--------+
|       Name      | BRAM_18K| DSP48E|   FF   |   LUT  |
+-----------------+---------+-------+--------+--------+
|DSP              |        -|      -|       -|       -|
|Expression       |        -|      -|       0|     108|
|FIFO             |        -|      -|       -|       -|
|Instance         |        -|      0|     132|     134|
|Memory           |        -|      -|       -|       -|
|Multiplexer      |        -|      -|       -|      98|
|Register         |        -|      -|       7|       -|
+-----------------+---------+-------+--------+--------+
|Total            |        0|      0|     139|     340|
+-----------------+---------+-------+--------+--------+
|Available        |      730|    740|  269200|  129000|
+-----------------+---------+-------+--------+--------+
|Utilization (%)  |        0|      0|   ~0   |   ~0   |
+-----------------+---------+-------+--------+--------+

+ Detail: 
    * Instance: 
    +-------------------------------+----------------------------+---------+-------+----+----+
    |            Instance           |           Module           | BRAM_18K| DSP48E| FF | LUT|
    +-------------------------------+----------------------------+---------+-------+----+----+
    |cmp_max_fcmp_32ns_32ns_1_1_U0  |cmp_max_fcmp_32ns_32ns_1_1  |        0|      0|  66|  67|
    |cmp_max_fcmp_32ns_32ns_1_1_U1  |cmp_max_fcmp_32ns_32ns_1_1  |        0|      0|  66|  67|
    +-------------------------------+----------------------------+---------+-------+----+----+
    |Total                          |                            |        0|      0| 132| 134|
    +-------------------------------+----------------------------+---------+-------+----+----+

    * DSP48: 
    N/A

    * Memory: 
    N/A

    * FIFO: 
    N/A

    * Expression: 
    +---------------------+----------+-------+---+----+------------+------------+
    |    Variable Name    | Operation| DSP48E| FF| LUT| Bitwidth P0| Bitwidth P1|
    +---------------------+----------+-------+---+----+------------+------------+
    |max                  |  Select  |      0|  0|  32|           1|          32|
    |y1_assign_fu_230_p3  |  Select  |      0|  0|  32|           1|          32|
    |grp_fu_75_p2         |    and   |      0|  0|   1|           1|           1|
    |or_cond2_fu_224_p2   |    and   |      0|  0|   1|           1|           1|
    |or_cond_fu_207_p2    |    and   |      0|  0|   1|           1|           1|
    |tmp_11_fu_195_p2     |    and   |      0|  0|   1|           1|           1|
    |tmp_13_fu_201_p2     |    and   |      0|  0|   1|           1|           1|
    |tmp_16_fu_213_p2     |    and   |      0|  0|   1|           1|           1|
    |tmp_18_fu_219_p2     |    and   |      0|  0|   1|           1|           1|
    |tmp_6_fu_152_p2      |    and   |      0|  0|   1|           1|           1|
    |notlhs1_fu_177_p2    |   icmp   |      0|  0|   3|           8|           2|
    |notlhs6_fu_134_p2    |   icmp   |      0|  0|   3|           8|           2|
    |notlhs_fu_116_p2     |   icmp   |      0|  0|   3|           8|           2|
    |notrhs1_fu_183_p2    |   icmp   |      0|  0|   8|          23|           1|
    |notrhs7_fu_140_p2    |   icmp   |      0|  0|   8|          23|           1|
    |notrhs_fu_122_p2     |   icmp   |      0|  0|   8|          23|           1|
    |tmp_10_fu_189_p2     |    or    |      0|  0|   1|           1|           1|
    |tmp_4_fu_128_p2      |    or    |      0|  0|   1|           1|           1|
    |tmp_5_fu_146_p2      |    or    |      0|  0|   1|           1|           1|
    +---------------------+----------+-------+---+----+------------+------------+
    |Total                |          |      0|  0| 108|         106|          84|
    +---------------------+----------+-------+---+----+------------+------------+

    * Multiplexer: 
    +--------------+----+-----------+-----+-----------+
    |     Name     | LUT| Input Size| Bits| Total Bits|
    +--------------+----+-----------+-----+-----------+
    |ap_NS_fsm     |   1|          4|    1|          4|
    |grp_fu_63_p0  |  32|          3|   32|         96|
    |grp_fu_63_p1  |  32|          3|   32|         96|
    |grp_fu_69_p0  |  32|          3|   32|         96|
    |grp_fu_75_p0  |   1|          3|    1|          3|
    +--------------+----+-----------+-----+-----------+
    |Total         |  98|         16|   98|        295|
    +--------------+----+-----------+-----+-----------+

    * Register: 
    +------------------+---+----+-----+-----------+
    |       Name       | FF| LUT| Bits| Const Bits|
    +------------------+---+----+-----+-----------+
    |ap_CS_fsm         |  3|   0|    3|          0|
    |or_cond2_reg_280  |  1|   0|    1|          0|
    |or_cond_reg_270   |  1|   0|    1|          0|
    |tmp_16_reg_275    |  1|   0|    1|          0|
    |tmp_6_reg_265     |  1|   0|    1|          0|
    +------------------+---+----+-----+-----------+
    |Total             |  7|   0|    7|          0|
    +------------------+---+----+-----+-----------+



================================================================
== Interface
================================================================
* Summary: 
+------------+-----+-----+------------+--------------+--------------+
|  RTL Ports | Dir | Bits|  Protocol  | Source Object|    C Type    |
+------------+-----+-----+------------+--------------+--------------+
|ap_clk      |  in |    1| ap_ctrl_hs |    cmp_max   | return value |
|ap_rst      |  in |    1| ap_ctrl_hs |    cmp_max   | return value |
|ap_start    |  in |    1| ap_ctrl_hs |    cmp_max   | return value |
|ap_done     | out |    1| ap_ctrl_hs |    cmp_max   | return value |
|ap_idle     | out |    1| ap_ctrl_hs |    cmp_max   | return value |
|ap_ready    | out |    1| ap_ctrl_hs |    cmp_max   | return value |
|y0          |  in |   32|   ap_none  |      y0      |    scalar    |
|y1          |  in |   32|   ap_none  |      y1      |    scalar    |
|y2          |  in |   32|   ap_none  |      y2      |    scalar    |
|max         | out |   32|   ap_vld   |      max     |    pointer   |
|max_ap_vld  | out |    1|   ap_vld   |      max     |    pointer   |
|en          |  in |    1|   ap_none  |      en      |    scalar    |
+------------+-----+-----+------------+--------------+--------------+

